============================= test session starts ==============================
platform linux -- Python 3.13.2, pytest-9.1.0, pluggy-1.6.0
rootdir: /home/mikhail/projects/job_apply/.worktrees/ci-ty-green
configfile: pyproject.toml
testpaths: tests
plugins: anyio-4.13.0, xdist-3.8.0, timeout-2.4.0, asyncio-1.4.0, cov-7.1.0
timeout: 5.0s
timeout method: signal
timeout func_only: False
asyncio: mode=Mode.AUTO, debug=False, asyncio_default_fixture_loop_scope=None, asyncio_default_test_loop_scope=function
collected 1406 items / 10 errors

<Dir ci-ty-green>
  <Package tests>
    <Package features>
      <Dir apply_worker>
        <Module test_apply_status_history.py>
          <Function test_model_columns_and_defaults>
          <Function test_model_allows_initial_creation_row>
          <Function test_in_memory_create_returns_persisted_row>
          <Function test_in_memory_list_by_job_orders_by_created_at>
          <Function test_in_memory_create_stamps_created_at_when_missing>
          <Function test_job_creation_writes_initial_history>
          <Function test_claim_next_writes_history>
          <Function test_complete_writes_history>
          <Function test_failure_writes_history_with_error>
          <Function test_cancel_writes_history>
          <Function test_sql_create_and_list_round_trip>
          <Function test_sql_list_by_job_filters_and_orders>
          <Function test_api_history_endpoint_returns_history>
          <Function test_api_history_endpoint_404_when_job_missing>
          <Function test_api_history_endpoint_403_for_other_users_job>
          <Function test_api_history_endpoint_401_without_token>
        <Module test_apply_worker.py>
          <Coroutine test_process_one_with_no_pending_returns_none>
          <Coroutine test_process_one_calls_correct_adapter_for_source>
          <Coroutine test_process_one_marks_job_complete_on_success>
          <Coroutine test_process_one_updates_match_status_on_success>
          <Coroutine test_process_one_retries_retryable_failure>
          <Coroutine test_process_one_marks_dead_letter_on_max_attempts>
          <Coroutine test_process_one_marks_dead_letter_on_non_retryable>
          <Coroutine test_process_one_marks_dead_letter_for_unknown_source>
          <Coroutine test_apply_worker_process_loops_with_poll_interval>
          <Coroutine test_apply_worker_process_handles_graceful_shutdown>
        <Module test_apply_worker_api.py>
          <Function test_endpoints_require_token>
          <Function test_enqueue_creates_a_queued_job>
          <Function test_enqueue_is_idempotent>
          <Function test_enqueue_404_when_match_missing>
          <Function test_list_returns_only_the_callers_jobs>
          <Function test_get_returns_owners_job>
          <Function test_get_returns_403_for_other_users_job>
          <Function test_get_404_when_job_missing>
          <Function test_cancel_transitions_queued_job>
          <Function test_cancel_409_when_terminal>
          <Function test_cancel_404_when_job_missing>
          <Function test_dto_round_trip>
        <Module test_apply_worker_hh_adapter.py>
          <Coroutine test_idempotent_replay_short_circuits>
          <Coroutine test_idempotency_key_changes_with_cover_letter>
          <Coroutine test_first_run_records_idempotency_on_success>
          <Coroutine test_status_mapping[success-True-False]>
          <Coroutine test_status_mapping[idle_already_applied-True-False]>
          <Coroutine test_status_mapping[validation_error-False-False]>
          <Coroutine test_status_mapping[auth_required-False-False]>
          <Coroutine test_status_mapping[rate_limited-False-True]>
          <Coroutine test_status_mapping[upstream_error-False-True]>
          <Coroutine test_apply_once_exception_returns_non_retryable_failure>
          <Coroutine test_existing_metrics_does_not_explode>
          <Coroutine test_started_and_completed_events_emitted>
          <Function test_build_default_returns_oss_wired_adapter>
          <Function test_build_default_passes_overrides>
          <Coroutine test_clock_drives_duration_ms_for_metrics>
          <Function test_properties_expose_internals_for_tests>
        <Module test_apply_worker_models.py>
          <Function test_status_enum_has_canonical_values>
          <Function test_status_enum_values_are_lowercase_strings>
          <Function test_compute_idempotency_key_is_sha256_of_canonical_input>
          <Function test_compute_idempotency_key_changes_with_inputs>
          <Function test_fresh_apply_job_has_documented_defaults>
          <Function test_composite_index_on_status_and_next_run_at_exists>
          <Function test_match_id_is_unique>
          <Function test_idempotency_key_is_unique>
        <Module test_apply_worker_repository.py>
          <Function test_in_memory_create_assigns_defaults>
          <Function test_in_memory_get_by_id_and_get_by_match>
          <Function test_in_memory_list_by_user_orders_newest_first>
          <Function test_in_memory_list_pending_filters_by_status_and_next_run_at>
          <Function test_in_memory_claim_next_transitions_to_running>
          <Function test_in_memory_claim_next_returns_none_when_empty>
          <Function test_in_memory_update_status_mutates_fields>
          <Function test_in_memory_mark_attempt_increments_and_records_error>
          <Function test_sql_create_and_lookup_round_trip>
          <Function test_sql_list_by_user_filters_by_owner>
          <Function test_sql_list_pending_uses_status_and_next_run_at>
          <Function test_sql_claim_next_transitions_and_increments>
          <Function test_sql_update_status_and_mark_attempt>
          <Function test_sql_match_id_unique_constraint_enforced>
          <Function test_sql_idempotency_key_unique_constraint_enforced>
        <Module test_apply_worker_service.py>
          <Function test_enqueue_for_match_creates_a_queued_job>
          <Function test_enqueue_for_match_is_idempotent>
          <Function test_enqueue_for_match_raises_when_match_missing>
          <Function test_enqueue_for_match_raises_when_profile_missing>
          <Function test_list_user_jobs_returns_user_rows_in_newest_first_order>
          <Function test_get_returns_row_with_ownership>
          <Function test_get_raises_not_found_for_unknown_job>
          <Function test_get_raises_ownership_for_other_user>
          <Function test_cancel_transitions_queued_job>
          <Function test_cancel_refuses_terminal_job>
          <Function test_claim_next_returns_queued_job_and_marks_running>
          <Function test_claim_next_returns_none_when_empty>
          <Function test_complete_records_external_application_id>
          <Function test_fail_retryable_park_job_with_backoff>
          <Function test_fail_non_retryable_park_to_dead_letter>
        <Module test_history_api.py>
          <Function test_history_requires_token>
          <Function test_history_returns_user_scoped_rows>
          <Function test_history_isolates_users>
          <Function test_history_filters_by_job_id>
          <Function test_history_filters_by_to_status>
          <Function test_history_pagination>
          <Function test_history_includes_metadata>
        <Module test_limits.py>
          <Function test_under_limit_allows>
          <Function test_at_limit_blocks>
          <Function test_over_limit_blocks_with_retry_after>
          <Function test_daily_limit_separate_from_hourly>
          <Function test_record_increments_counter>
          <Function test_different_users_have_separate_limits>
          <Function test_limits_reset_after_window>
          <Function test_enqueue_for_match_respects_rate_limit>
          <Function test_rate_limit_exceeded_raises>
          <Function test_api_limits_endpoint>
          <Function test_sql_rate_limiter_round_trip>
        <Module test_notifications.py>
          <Function test_notify_succeeded_sends_confirmation>
          <Function test_notify_failed_sends_error_with_retry_message>
          <Function test_notify_dead_letter_sends_exhaustion_message>
          <Function test_notify_cancelled_sends_cancellation>
          <Function test_notify_skips_user_without_telegram_link>
          <Function test_notify_uses_telegram_account_chat_id>
          <Function test_apply_job_service_complete_triggers_notification>
          <Function test_apply_job_service_fail_triggers_notification>
          <Function test_apply_job_service_cancel_triggers_notification>
          <Function test_apply_job_service_without_notifier_does_nothing>
        <Module test_retry_policy.py>
          <Function test_compute_next_run_at_with_no_jitter>
          <Function test_compute_next_run_at_with_jitter_in_range>
          <Function test_compute_next_run_at_caps_at_max_delay>
          <Function test_compute_next_run_at_jitter_around_capped_value>
          <Function test_should_retry_returns_true_below_max_attempts>
          <Function test_should_retry_returns_false_at_max_attempts>
          <Function test_retry_policy_is_frozen>
          <Function test_apply_job_service_uses_retry_policy>
          <Function test_apply_job_service_marks_dead_letter_when_max_attempts_exceeded>
          <Function test_apply_job_service_non_retryable_still_dead_letters>
          <Function test_apply_worker_settings_defaults>
          <Function test_apply_worker_settings_rejects_invalid_values>
          <Function test_config_loads_apply_worker_settings_from_env>
          <Function test_config_apply_worker_settings_defaults_when_env_unset>
          <Function test_config_rejects_invalid_env>
          <Function test_apply_worker_settings_to_retry_policy>
      <Dir audit>
        <Module test_audit_integration.py>
          <Function test_register_endpoint_logs_audit_event>
          <Function test_register_endpoint_duplicate_does_not_log_audit>
          <Function test_login_endpoint_logs_audit_event>
          <Function test_login_endpoint_failure_does_not_log_audit>
          <Function test_resume_upload_logs_audit_event>
        <Module test_audit_service.py>
          <Function test_log_event_inserts_record>
          <Function test_log_event_details_survive_roundtrip>
          <Function test_log_event_anonymous_has_null_user_id>
          <Function test_list_by_user_filters_correctly>
          <Function test_list_by_event_type_filters_correctly>
          <Function test_list_recent_respects_limit>
          <Function test_audit_event_type_enum_has_all_required_values>
      <Dir cover_letter>
        <Module test_cover_letter_service.py>
          <Coroutine test_create_draft_for_new_match>
          <Coroutine test_generate_for_match_calls_llm_with_prompt_containing_style>
          <Coroutine test_generate_for_match_uses_user_resume>
          <Coroutine test_generate_for_match_is_idempotent>
          <Coroutine test_generate_for_match_persists_draft>
          <Coroutine test_prompt_includes_vacancy_and_profile_fields>
          <Function test_build_cover_letter_prompt_isolated_function>
          <Function test_repository_in_memory_create_get_update>
          <Function test_repository_sql_create_get_update>
          <Function test_repository_sql_update_content>
          <Function test_repository_in_memory_update_content>
          <Coroutine test_generate_for_match_persists_content_update_via_sql_repo>
      <Dir cover_letter_style>
        <Module test_style_api.py>
          <Function test_get_style_without_token_returns_401>
          <Function test_get_style_returns_default_when_none_exists>
          <Function test_get_style_returns_persisted_style>
          <Function test_put_style_creates_when_none_exists>
          <Function test_put_style_updates_existing>
          <Function test_put_style_without_token_returns_401>
          <Function test_put_style_rejects_invalid_tone>
          <Function test_put_style_rejects_invalid_length>
          <Function test_put_style_rejects_non_list_focus_areas>
          <Function test_delete_style_returns_204>
          <Function test_delete_style_is_idempotent>
          <Function test_delete_style_without_token_returns_401>
          <Function test_styles_are_isolated_per_user>
        <Module test_style_repository.py>
          <Function test_in_memory_get_by_user_returns_none_for_unknown_user>
          <Function test_in_memory_create_assigns_id_and_timestamps>
          <Function test_in_memory_get_by_user_returns_created_style>
          <Function test_in_memory_default_fields_populated>
          <Function test_in_memory_focus_areas_and_avoid_phrases_round_trip>
          <Function test_in_memory_extra_instructions_nullable>
          <Function test_in_memory_update_changes_fields>
          <Function test_in_memory_delete_by_user_removes_style>
          <Function test_in_memory_delete_by_user_returns_false_when_absent>
          <Function test_in_memory_create_rejects_duplicate_user>
          <Function test_sql_get_by_user_returns_none_for_unknown_user>
          <Function test_sql_create_and_get_round_trip>
          <Function test_sql_stores_lists_as_json_text>
          <Function test_sql_update_changes_fields>
          <Function test_sql_delete_by_user_removes_style>
          <Function test_sql_delete_by_user_returns_false_when_absent>
          <Function test_sql_unique_user_id_constraint>
        <Module test_style_service.py>
          <Function test_get_or_default_returns_in_memory_default_when_none_exists>
          <Function test_get_or_default_returns_existing_style>
          <Function test_upsert_creates_when_no_style_exists>
          <Function test_upsert_updates_existing_style>
          <Function test_upsert_with_minimal_payload_applies_defaults>
          <Function test_upsert_rejects_invalid_tone>
          <Function test_upsert_rejects_invalid_length>
          <Function test_delete_returns_true_when_style_existed>
          <Function test_delete_returns_false_when_no_style_existed>
          <Function test_delete_after_get_or_default_does_not_persist_default>
          <Function test_upsert_round_trip_uses_repository>
      <Dir dashboard>
        <Module test_analytics.py>
          <Function test_funnel_counts_per_source>
          <Function test_funnel_scopes_to_user>
          <Function test_funnel_filters_by_source_name>
          <Function test_funnel_filters_by_date_range>
          <Function test_funnel_excludes_non_terminal_apply_jobs>
          <Function test_funnel_returns_empty_when_no_data>
          <Function test_conversion_per_profile>
          <Function test_conversion_filters_by_profile_id>
          <Function test_conversion_rates_handle_zero_denominators>
          <Function test_conversion_scopes_to_user>
          <Function test_time_to_apply_average_and_median>
          <Function test_time_to_apply_returns_none_when_no_data>
          <Function test_time_to_apply_ignores_non_terminal_jobs>
          <Function test_time_to_apply_filters_by_source>
          <Function test_time_to_apply_filters_by_profile>
          <Function test_api_funnel_requires_auth>
          <Function test_api_funnel_returns_rows>
          <Function test_api_funnel_filters_by_source>
          <Function test_api_funnel_rejects_invalid_date>
          <Function test_api_conversion_requires_auth>
          <Function test_api_conversion_returns_rows>
          <Function test_api_time_to_apply_requires_auth>
          <Function test_api_time_to_apply_returns_null_when_no_data>
          <Function test_sql_funnel_runs_against_sqlite>
          <Function test_sql_conversion_runs_against_sqlite>
          <Function test_sql_time_to_apply_runs_against_sqlite>
        <Module test_dashboard.py>
          <Function test_dashboard_returns_user_scoped_counts>
          <Function test_dashboard_counts_matches_by_status>
          <Function test_dashboard_counts_applications_by_status>
          <Function test_dashboard_counts_active_search_profiles>
          <Function test_dashboard_counts_cover_letter_drafts>
          <Function test_dashboard_isolates_users>
          <Coroutine test_get_summary_does_not_explode_inside_running_event_loop>
          <Function test_api_dashboard_endpoint_requires_auth>
          <Function test_api_dashboard_endpoint_returns_summary>
        <Module test_dashboard_web.py>
          <Function test_dashboard_html_redirects_when_unauthenticated>
          <Function test_dashboard_html_redirects_with_cookie_only_when_cookie_invalid>
          <Function test_dashboard_html_renders_for_authenticated_user>
          <Function test_dashboard_html_renders_zero_state_for_empty_db>
          <Function test_dashboard_html_renders_recent_apply_jobs>
          <Function test_dashboard_html_status_badge_classes>
          <Function test_dashboard_html_escapes_user_input>
          <Function test_dashboard_html_escapes_vacancy_id>
          <Function test_dashboard_json_endpoint_still_works>
      <Package hh_apply>
        <Module test_client.py>
          <Class TestHHApplyClientInit>
            <Function test_default_user_agent_is_android>
            <Function test_origin_and_referer_default>
            <Function test_accept_language_includes_ru>
            <Function test_x_requested_with_set>
            <Function test_user_agent_override_propagates>
          <Class TestCookieDomainAllowlist>
            <Function test_domain_classifier[hh.ru-True]>
            <Function test_domain_classifier[.hh.ru-True]>
            <Function test_domain_classifier[sub.hh.ru-True]>
            <Function test_domain_classifier[hh.kz-True]>
            <Function test_domain_classifier[hh.uz-True]>
            <Function test_domain_classifier[tracker.example.com-False]>
            <Function test_domain_classifier[google.com-False]>
        <Module test_config.py>
          <Class TestHHApplySettingsDefaults>
            <Function test_defaults_match_contract_doc_section_5>
            <Function test_user_agent_default_includes_android_signature>
            <Function test_xsrf_init_url_default_is_hh_root>
          <Class TestHHApplySettingsFromEnv>
            <Function test_env_var_overrides_default>
          <Class TestTenantCredentials>
            <Function test_minimal>
            <Function test_frozen>
            <Function test_user_agent_override>
          <Class TestHHApplySettingsPerTenant>
            <Function test_tenant_credentials_dict_round_trip>
        <Module test_models.py>
          <Class TestApplyStatus>
            <Function test_has_exactly_these_six_values>
          <Class TestApplyRequest>
            <Function test_basic_construction>
            <Function test_frozen_per_pydantic_v2_config>
            <Function test_lux_and_force_can_be_set>
          <Class TestApplyHarvestResultFields>
            <Function test_minimal_apply_result>
          <Class TestApplyError>
            <Function test_construction_carries_required_fields>
          <Class TestHHApplyError>
            <Function test_subclass_of_exception>
        <Module test_observability.py>
          <Class TestEventDispatcher>
            <Function test_listener_receives_event>
            <Function test_attaching_late_listener_adds_to_fanout>
            <Function test_listener_raising_does_not_break_dispatch>
          <Class TestMetricsAccumulator>
            <Function test_record_attempt_increments>
            <Function test_per_tenant_separation>
            <Function test_negative_duration_rejects>
            <Function test_negative_retries_rejects>
            <Function test_snapshot_is_read_only_mapping>
        <Module test_optional_live.py>
          <Coroutine test_live_smoke_against_hh_ru>
        <Module test_service.py>
          <Class TestApplyOnceStatusMapping>
            <Coroutine test_201_success>
            <Coroutine test_400_validation_error>
            <Coroutine test_409_idle_already_applied>
            <Coroutine test_429_rate_limited_after_retry_exhaustion>
            <Coroutine test_5xx_upstream_error_after_retry_exhaustion>
          <Class TestApplyOncePayload>
            <Coroutine test_payload_contains_vacancy_resume_message_lux_force>
          <Class TestApplyOnceContentType>
            <Coroutine test_uses_json_not_form_urlencoded>
        <Module test_tenancy.py>
          <Class TestEnvTenantCredentialProviderOSS>
            <Function test_oss_default_returns_single_resolution>
          <Class TestEnvTenantCredentialProviderDict>
            <Function test_oss_default_with_default_tenant_key>
            <Function test_per_tenant_lookup>
            <Function test_missing_tenant_raises_value_error>
          <Class TestMultiTenantProviderStub>
            <Function test_resolve_raises_not_implemented>
            <Function test_error_message_mentions_saas_epic>
      <Dir learning>
        <Module test_learning_api.py>
          <Function test_get_signals_without_user_id_returns_422>
          <Function test_get_signals_with_invalid_uuid_returns_422>
          <Function test_get_signals_returns_empty_list_for_unknown_user>
          <Function test_get_signals_returns_signals_for_user>
          <Function test_get_signals_respects_limit>
          <Function test_get_signals_rejects_non_integer_limit>
          <Function test_get_signals_rejects_zero_limit>
          <Function test_get_signals_rejects_oversized_limit>
        <Module test_learning_signals.py>
          <Function test_learning_signal_is_frozen>
          <Function test_learning_signal_carries_all_fields>
          <Function test_in_memory_satisfies_protocol>
          <Function test_in_memory_record_returns_signal_with_id>
          <Function test_in_memory_list_for_user_filters_by_user>
          <Function test_in_memory_list_for_user_respects_limit>
          <Function test_in_memory_list_for_user_returns_empty_for_unknown_user>
          <Function test_in_memory_list_for_prompt_filters_by_version_and_since>
          <Function test_in_memory_list_for_prompt_returns_empty_when_none_match>
          <Function test_sql_record_persists_row>
          <Function test_sql_list_for_prompt_filters_by_version_and_since>
          <Function test_service_record_rejection_persists_a_rejection_signal>
          <Function test_service_record_rejection_with_none_score_and_prompt>
          <Function test_service_record_rejection_with_none_reason>
          <Function test_service_list_for_user_delegates_to_repo>
      <Dir matches>
        <Module test_match_api.py>
          <Function test_list_matches_requires_token>
          <Function test_list_matches_empty_for_new_user>
          <Function test_list_matches_returns_only_own>
          <Function test_list_matches_filters_by_status>
          <Function test_list_matches_rejects_unknown_status>
          <Function test_get_match_returns_200>
          <Function test_get_match_of_other_user_returns_403>
          <Function test_get_match_unknown_id_returns_404>
          <Function test_get_match_invalid_id_returns_404>
          <Function test_patch_match_status_returns_200>
          <Function test_patch_match_status_with_score_returns_200>
          <Function test_patch_match_other_user_returns_403>
          <Function test_patch_match_unknown_id_returns_404>
          <Function test_patch_match_invalid_status_returns_422>
          <Function test_get_match_does_not_close_request_session_mid_request>
        <Module test_match_repository.py>
          <Class TestCreate>
            <Function test_create_assigns_id_and_timestamps>
            <Function test_create_stores_in_primary_index>
          <Class TestGetById>
            <Function test_get_by_id_returns_match>
            <Function test_get_by_id_returns_none_for_unknown>
          <Class TestListByProfile>
            <Function test_returns_only_matching_profile>
            <Function test_filters_by_status>
            <Function test_respects_limit>
          <Class TestListByUser>
            <Function test_returns_only_own_matches>
            <Function test_filters_by_status>
            <Function test_returns_empty_when_callable_not_configured>
          <Class TestFindExisting>
            <Function test_returns_existing_match>
            <Function test_returns_none_for_unknown>
          <Class TestUpdateStatus>
            <Function test_changes_status_and_score>
            <Function test_raises_for_unknown_match>
          <Class TestSqlRepository>
            <Function test_create_persists_row>
            <Function test_unique_constraint_blocks_duplicate_pair>
            <Function test_get_by_id_returns_none_for_unknown>
            <Function test_list_by_profile_returns_only_matching>
            <Function test_list_by_user_joins_through_search_profiles>
            <Function test_find_existing_returns_match>
            <Function test_find_existing_returns_none_for_unknown>
            <Function test_update_status_persists>
            <Function test_update_status_raises_not_found>
            <Function test_bulk_create_ignore_conflicts_inserts_and_skips>
            <Function test_repository_without_factory_raises>
        <Module test_match_service.py>
          <Function test_create_match_returns_new_row>
          <Function test_create_match_is_idempotent>
          <Function test_create_match_does_not_collide_across_profiles>
          <Function test_bulk_create_for_profile_creates_all>
          <Function test_bulk_create_for_profile_skips_existing>
          <Function test_bulk_create_for_profile_empty_list>
          <Function test_bulk_create_for_all_active_profiles_iterates_active>
          <Function test_bulk_create_for_all_active_profiles_skips_inactive>
          <Function test_bulk_create_for_all_active_profiles_no_profiles>
          <Function test_list_matches_returns_only_own>
          <Function test_list_matches_filters_by_status>
          <Function test_list_matches_invalid_status_raises>
          <Function test_update_status_changes_status>
          <Function test_update_status_invalid_status_raises>
          <Function test_update_status_unknown_match_raises>
          <Function test_update_status_enforces_ownership>
          <Function test_get_returns_match>
          <Function test_get_unknown_match_raises>
          <Function test_get_other_users_match_raises_forbidden>
        <Module test_scoring_persistence.py>
          <Function test_match_defaults_have_null_scoring_fields>
          <Function test_match_scoring_fields_can_be_assigned>
          <Function test_vacancy_match_read_schema_exposes_scoring_fields>
          <Function test_vacancy_match_read_schema_accepts_null_scoring_fields>
          <Function test_create_match_dto_carries_null_scoring_fields>
          <Function test_service_dto_propagates_scoring_fields_through_repo>
          <Function test_migration_adds_scoring_columns_to_vacancy_matches>
          <Function test_migration_scoring_columns_default_to_null>
      <Package max>
        <Module test_linking.py>
          <Function test_generate_token_returns_non_empty_string>
          <Function test_generate_token_is_unique_per_call>
          <Function test_generate_token_replaces_previous_token_for_same_user>
          <Function test_link_account_returns_user_id>
          <Function test_link_account_is_one_shot>
          <Function test_link_account_with_unknown_token_raises>
          <Function test_link_account_with_expired_token_raises>
          <Function test_link_account_rejects_duplicate_max_user_id>
          <Function test_link_account_allows_same_user_relink_with_fresh_token>
          <Function test_find_max_user_id_returns_none_for_unlinked>
          <Function test_find_max_user_id_returns_id_for_linked>
          <Function test_find_user_id_returns_none_for_unlinked>
          <Function test_find_user_id_returns_id_for_linked>
          <Function test_get_user_id_for_token_returns_holder_before_consumption>
          <Function test_get_user_id_for_token_returns_user_id_after_consumption>
        <Module test_max_account_repo.py>
          <Function test_inmemory_create_returns_maxaccount_with_linked_at>
          <Function test_inmemory_create_duplicate_user_id_raises>
          <Function test_inmemory_create_duplicate_max_user_id_raises>
          <Function test_inmemory_list_all_returns_insertion_order>
          <Function test_inmemory_find_by_max_user_id_returns_account>
          <Function test_inmemory_find_by_max_user_id_returns_none_for_missing>
          <Function test_inmemory_find_by_user_id_returns_account>
          <Function test_inmemory_find_by_user_id_returns_none_for_missing>
          <Function test_inmemory_find_by_external_user_id_is_alias_for_max_user_id>
          <Function test_inmemory_find_by_external_user_id_returns_none_for_missing>
          <Function test_sql_create_persists_row>
          <Function test_sql_create_duplicate_user_id_raises>
          <Function test_sql_create_duplicate_max_user_id_raises>
          <Function test_sql_list_all_returns_persisted_rows>
          <Function test_sql_find_by_max_user_id_returns_account>
          <Function test_sql_find_by_max_user_id_returns_none_for_missing>
          <Function test_sql_find_by_user_id_returns_account>
          <Function test_sql_find_by_user_id_returns_none_for_missing>
          <Function test_sql_find_by_external_user_id_is_alias>
          <Function test_sql_constructor_rejects_both_session_and_factory>
        <Module test_max_bot.py>
          <Function test_extract_command_parses_all_supported_commands[/start-start]>
          <Function test_extract_command_parses_all_supported_commands[/help-help]>
          <Function test_extract_command_parses_all_supported_commands[/link abc123-link]>
          <Function test_extract_command_parses_all_supported_commands[/review 11111111-1111-1111-1111-111111111111-review]>
          <Function test_extract_command_parses_all_supported_commands[/accept 11111111-1111-1111-1111-111111111111-accept]>
          <Function test_extract_command_parses_all_supported_commands[/defer 11111111-1111-1111-1111-111111111111-defer]>
          <Function test_extract_command_parses_all_supported_commands[/reject 11111111-1111-1111-1111-111111111111 salary too low-reject]>
          <Function test_extract_command_parses_all_supported_commands[/regenerate 11111111-1111-1111-1111-111111111111-regenerate]>
          <Function test_extract_command_parses_all_supported_commands[/notacommand-notacommand]>
          <Function test_extract_command_parses_all_supported_commands[/start@somebot-start]>
          <Function test_extract_command_parses_all_supported_commands[/help@somebot-help]>
          <Function test_extract_command_parses_all_supported_commands[hello world-None]>
          <Function test_extract_command_parses_all_supported_commands[-None]>
          <Coroutine test_handle_start_command_returns_welcome>
          <Coroutine test_handle_help_command_lists_commands>
          <Coroutine test_handle_link_command_with_valid_code_returns_success>
          <Coroutine test_handle_link_command_persists_max_account>
          <Coroutine test_handle_link_command_with_invalid_code_returns_error>
          <Coroutine test_handle_link_command_without_code_returns_usage_hint>
          <Coroutine test_handle_update_ignores_non_message_created_envelopes>
          <Coroutine test_handle_update_ignores_missing_message_body>
          <Coroutine test_handle_update_ignores_plain_text_messages>
          <Coroutine test_handle_accept_command_invokes_accept_handler>
          <Coroutine test_handle_defer_command_invokes_defer_handler>
          <Coroutine test_handle_reject_command_invokes_reject_handler>
          <Coroutine test_handle_review_command_invokes_review_handler>
          <Coroutine test_handle_regenerate_command_awaits_async_handler>
          <Function test_extract_command_args_returns_command_and_args>
          <Function test_extract_command_args_handles_no_args>
          <Function test_split_text_returns_single_chunk_for_short_text>
          <Function test_split_text_splits_at_paragraph_boundaries>
          <Function test_split_text_hard_cuts_oversized_paragraph>
          <Function test_split_text_empty_input_yields_empty_chunk>
          <Function test_max_bot_process_module_imports>
        <Module test_max_bot_process.py>
          <Coroutine test_first_get_updates_call_omits_marker>
          <Coroutine test_subsequent_get_updates_calls_pass_previous_marker>
          <Coroutine test_empty_updates_list_does_not_invoke_handle_update>
          <Coroutine test_non_empty_updates_invokes_handle_update_per_update>
          <Coroutine test_exception_in_handle_update_is_logged_and_loop_continues>
          <Coroutine test_get_updates_exception_is_logged_and_loop_continues>
          <Coroutine test_aclose_called_on_shutdown>
          <Coroutine test_run_returns_zero_on_clean_shutdown>
        <Module test_max_digest_api.py>
          <Function test_post_max_digest_send_returns_count_and_date>
          <Function test_post_max_digest_send_returns_zero_when_no_users>
          <Function test_post_max_digest_send_returns_n_for_n_users>
          <Function test_post_max_digest_send_uses_dependency_injection>
          <Function test_post_max_digest_send_response_shape_matches_pydantic_model>
          <Function test_max_digest_sender_is_exported>
          <Function test_router_prefix_is_digest_max>
        <Module test_max_digest_runner.py>
          <Function test_max_digest_runner_is_base_process_subclass>
          <Coroutine test_max_digest_runner_run_once_invokes_sender_with_today>
          <Coroutine test_max_digest_runner_run_once_returns_sender_count>
          <Coroutine test_max_digest_runner_run_once_logs_and_returns_zero_on_exception>
          <Function test_max_digest_runner_deadline_future_sleeps>
          <Function test_max_digest_runner_deadline_past_returns_non_positive>
          <Coroutine test_max_digest_runner_loop_dispatches_once_when_deadline_is_past>
          <Coroutine test_max_digest_runner_does_not_dispatch_before_digest_hour>
          <Function test_max_digest_runner_signals_include_sigterm>
          <Function test_max_digest_runner_default_digest_hour_is_nine>
          <Function test_max_digest_runner_default_name_is_max_digest_runner>
          <Function test_max_digest_runner_holds_collaborators>
        <Module test_max_digest_sender.py>
          <Coroutine test_send_to_user_uses_linked_max_user_id>
          <Coroutine test_send_to_user_returns_false_when_no_max_link>
          <Coroutine test_send_to_user_logs_and_returns_false_on_bot_exception>
          <Coroutine test_send_to_all_users_dispatches_to_every_linked_user>
          <Coroutine test_send_to_all_users_skips_users_without_max_link>
          <Coroutine test_send_to_all_users_explicit_users_override_enumeration>
          <Coroutine test_send_to_all_users_returns_zero_when_no_users>
          <Coroutine test_send_to_all_users_renders_digest_with_correct_date>
          <Function test_max_digest_sender_is_a_value_object>
        <Module test_max_digest_service.py>
          <Coroutine test_get_user_stats_zero_when_no_matches>
          <Coroutine test_get_user_stats_groups_matches_by_status>
          <Coroutine test_get_user_stats_applied_today_uses_utc_date>
          <Coroutine test_get_user_stats_applied_today_boundary_uses_clock_when_omitted>
          <Coroutine test_get_user_stats_only_counts_users_own_profiles>
          <Coroutine test_get_all_users_with_max_returns_only_linked_users>
          <Coroutine test_get_all_users_with_max_skips_linked_users_without_user_row>
          <Coroutine test_get_all_users_with_max_empty_when_no_links>
          <Coroutine test_matches_new_aggregates_new_and_scored[new-True]>
          <Coroutine test_matches_new_aggregates_new_and_scored[scored-True]>
          <Coroutine test_matches_new_aggregates_new_and_scored[review-False]>
          <Coroutine test_matches_new_aggregates_new_and_scored[accepted-False]>
          <Coroutine test_matches_new_aggregates_new_and_scored[rejected-False]>
          <Coroutine test_matches_new_aggregates_new_and_scored[applied-False]>
          <Coroutine test_matches_new_aggregates_new_and_scored[dismissed-False]>
          <Coroutine test_pending_applications_uses_accepted_as_proxy>
          <Function test_max_stats_service_holds_collaborators>
        <Module test_max_notifier.py>
          <Coroutine test_notify_calls_max_bot_send_message_for_linked_user>
          <Coroutine test_notify_message_format_matches_documented_template>
          <Coroutine test_notify_is_noop_for_user_without_max_link>
          <Coroutine test_notify_swallows_send_message_exception>
          <Function test_notifier_holds_collaborators>
        <Module test_process_smoke.py>
          <Function test_console_script_exists>
          <Function test_boot_with_fake_token_does_not_crash_on_imports>
          <Function test_missing_token_exits_cleanly>
        <Module test_workflow_integration.py>
          <Coroutine test_link_flow_persists_account>
          <Coroutine test_start_command_returns_welcome>
          <Coroutine test_accept_command_dispatches_to_handler>
          <Coroutine test_notifier_delivers_to_linked_user>
          <Coroutine test_notifier_is_noop_for_unlinked_user>
          <Coroutine test_digest_sender_delivers_to_linked_user>
          <Coroutine test_digest_sender_skips_unlinked_user>
      <Dir messaging>
        <Module test_render_digest_message.py>
          <Function test_render_digest_message_full_snapshot>
          <Function test_render_digest_message_includes_header_emoji_and_date>
          <Function test_render_digest_message_reflects_zero_counts>
          <Function test_render_digest_message_ends_with_reply_hint>
      <Dir orders>
        <Module test_order_service.py>
          <Function test_create_order_returns_created_entity>
      <Dir quick_filter>
        <Module test_engine.py>
          <Class TestEngineCombination>
            <Function test_accepts_when_no_rules_reject>
            <Function test_rejects_when_any_rule_rejects>
            <Function test_reasons_concatenated_in_evaluation_order>
            <Function test_neutral_results_do_not_contribute_reasons>
            <Function test_propagates_vacancy_and_profile_ids>
            <Function test_decision_has_created_at_timestamp>
          <Class TestStrictMode>
            <Function test_default_is_strict>
            <Function test_strict_mode_treats_soft_reject_as_real_reject>
            <Function test_non_strict_mode_downgrades_soft_reject>
            <Function test_non_strict_mode_does_not_bypass_hard_reject>
            <Function test_non_strict_mode_still_rejects_when_hard_and_soft_both_reject>
            <Function test_strict_mode_rejects_when_soft_and_hard_both_reject>
          <Class TestEmptyRules>
            <Function test_engine_with_no_rules_accepts_everything>
          <Class TestEngineWithProductionRules>
            <Function test_perfect_vacancy_is_accepted>
            <Function test_keyword_mismatch_rejects_in_strict_mode>
            <Function test_keyword_mismatch_accepted_in_non_strict_mode>
            <Function test_returns_filter_decision_type>
          <Class TestDependencyInjection>
            <Function test_engine_stores_rules_for_introspection>
            <Function test_engine_accepts_iterable_not_just_list>
        <Module test_persistence.py>
          <Class TestEvaluateAndPersistForProfile>
            <Function test_returns_persisted_rows>
            <Function test_persists_to_repository>
            <Function test_each_row_carries_same_profile_id>
            <Function test_rejects_carry_json_encoded_reasons>
            <Function test_accepts_carry_empty_reasons>
            <Function test_rule_version_is_recorded>
            <Function test_default_rule_version_is_one>
            <Function test_empty_vacancy_list_returns_empty>
            <Function test_evaluate_in_memory_and_persist_match>
          <Class TestEvaluateAndPersistForActiveProfiles>
            <Function test_returns_count_persisted>
            <Function test_persists_for_each_profile>
            <Function test_empty_inputs_return_zero>
          <Class TestRepositoryExposed>
            <Function test_repo_property_exposes_injected_repository>
            <Function test_engine_property_still_works>
          <Class TestBackwardCompat>
            <Function test_service_can_be_built_without_a_repo>
            <Function test_persist_raises_when_no_repository>
          <Class TestServiceWithSqlRepository>
            <Function test_persists_through_sql_repository>
            <Function test_list_by_profile_finds_persisted_rows>
            <Function test_count_by_decision_after_persist>
          <Function test_repository_protocol_accepts_in_memory>
        <Module test_repository.py>
          <Function test_in_memory_repo_satisfies_protocol>
          <Class TestCreate>
            <Function test_create_assigns_id_and_timestamp>
            <Function test_create_stores_in_primary_index>
            <Function test_create_with_unspecified_id_gets_a_uuid>
          <Class TestGetById>
            <Function test_get_by_id_returns_row>
            <Function test_get_by_id_returns_none_for_unknown>
          <Class TestListByProfile>
            <Function test_returns_only_matching_profile>
            <Function test_filters_by_decision>
            <Function test_respects_limit>
            <Function test_orders_newest_first>
          <Class TestListByVacancy>
            <Function test_returns_only_matching_vacancy>
            <Function test_returns_empty_for_unknown>
          <Class TestCountByDecision>
            <Function test_counts_each_decision>
            <Function test_returns_empty_for_profile_with_no_rows>
          <Class TestSqlRepository>
            <Function test_create_persists_row>
            <Function test_reasons_round_trip_via_json>
            <Function test_list_by_profile_returns_only_matching>
            <Function test_list_by_profile_filters_by_decision>
            <Function test_list_by_profile_respects_limit>
            <Function test_list_by_vacancy>
            <Function test_count_by_decision>
            <Function test_repository_without_factory_raises>
        <Module test_rules.py>
          <Class TestSalaryRangeRule>
            <Function test_accepts_when_salary_from_within_max_with_slack>
            <Function test_rejects_when_salary_from_exceeds_max_with_slack>
            <Function test_accepts_when_salary_from_just_below_max>
            <Function test_accepts_when_vacancy_salary_from_missing>
            <Function test_accepts_when_profile_salary_max_missing>
            <Function test_accepts_when_both_missing>
          <Class TestLocationRule>
            <Function test_accepts_when_profile_location_missing>
            <Function test_accepts_when_substring_match>
            <Function test_accepts_case_insensitive_match>
            <Function test_rejects_when_no_match>
            <Function test_rejects_when_vacancy_location_missing>
            <Function test_rejects_with_empty_profile_location>
          <Class TestScheduleRule>
            <Function test_accepts_when_profile_schedule_missing>
            <Function test_accepts_when_schedules_match>
            <Function test_rejects_when_schedules_differ>
            <Function test_rejects_when_vacancy_schedule_missing>
          <Class TestKeywordRule>
            <Function test_neutral_when_profile_has_no_keywords>
            <Function test_neutral_when_profile_has_empty_string_keywords>
            <Function test_accepts_when_keyword_matches_title>
            <Function test_accepts_when_keyword_matches_description>
            <Function test_rejects_when_no_keyword_matches>
            <Function test_handles_multiple_keywords_comma_separated>
            <Function test_keyword_rule_is_marked_soft>
          <Class TestTitleLengthRule>
            <Function test_rejects_title_shorter_than_three_chars>
            <Function test_rejects_title_with_only_whitespace>
            <Function test_rejects_empty_title>
            <Function test_accepts_title_exactly_three_chars>
            <Function test_accepts_long_title_with_surrounding_whitespace>
            <Function test_hard_rules_are_not_soft>
          <Class TestFilterRuleProtocol>
            <Function test_all_rules_expose_name_and_evaluate>
        <Module test_service.py>
          <Class TestServiceConstruction>
            <Function test_stores_injected_engine>
            <Function test_engine_is_exposed_for_observability>
          <Class TestEvaluateForProfile>
            <Function test_returns_one_decision_per_vacancy>
            <Function test_all_decisions_carry_same_profile_id>
            <Function test_returns_filter_decision_instances>
            <Function test_empty_vacancy_list_returns_empty>
            <Function test_strict_mode_propagates_to_engine>
            <Function test_uses_default_strict_when_not_specified>
            <Function test_accepts_sequence_input>
          <Class TestEvaluateForActiveProfiles>
            <Function test_returns_one_decision_per_pair>
            <Function test_pairing_includes_every_vacancy_for_every_profile>
            <Function test_empty_profiles_returns_empty>
            <Function test_empty_vacancies_returns_empty>
            <Function test_both_empty_returns_empty>
            <Function test_uses_strict_mode_by_default>
          <Class TestOrderPreservation>
            <Function test_evaluate_for_profile_preserves_vacancy_order>
            <Function test_evaluate_for_active_profiles_preserves_input_order>
      <Package resumes>
        <Module test_extractors.py>
          <Function test_pdf_extractor_decodes_pdf_bytes>
          <Function test_pdf_extractor_with_multiple_pages>
          <Function test_pdf_extractor_handles_corrupt_pdf>
          <Function test_docx_extractor_decodes_docx_bytes>
          <Function test_docx_extractor_with_paragraphs>
          <Function test_service_dispatches_to_pdf_extractor>
        <Module test_resume_api.py>
          <Function test_api_upload_txt_resume_creates_record>
          <Function test_api_upload_pdf_resume_returns_501>
          <Function test_api_upload_oversized_file_returns_422>
          <Function test_api_upload_unsupported_content_type_returns_422>
          <Function test_api_upload_without_multipart_returns_415>
          <Function test_api_list_resumes_returns_only_stub_user_resumes>
          <Function test_api_list_resumes_empty_for_new_user>
          <Function test_api_get_resume_returns_record>
          <Function test_api_get_resume_unknown_id_returns_404>
          <Function test_stub_auth_dep_returns_deterministic_uuid>
        <Module test_resume_extractor.py>
          <Function test_plain_text_extractor_returns_text>
          <Function test_plain_text_extractor_extract_returns_text>
          <Function test_plain_text_extractor_rejects_unsupported_content_type>
        <Module test_resume_migration.py>
          <Function test_resumes_alembic_upgrade_creates_table>
          <Function test_resumes_alembic_downgrade_drops_table>
        <Module test_resume_service.py>
          <Function test_upload_txt_resume_creates_record>
          <Function test_upload_markdown_resume_creates_record>
          <Function test_upload_pdf_resume_raises_not_implemented>
          <Function test_upload_oversized_file_raises_validation>
          <Function test_upload_unsupported_content_type_raises_validation>
          <Function test_upload_inconsistent_size_raises_validation>
          <Function test_list_resumes_returns_users_resumes>
          <Function test_get_resume_returns_record>
          <Function test_get_resume_wrong_user_raises_not_found>
          <Function test_get_resume_unknown_id_raises_not_found>
      <Package scoring>
        <Module test_llm_pipeline.py>
          <Class TestInMemoryLLMClient>
            <Coroutine test_returns_loaded_response_for_matching_prompt>
            <Coroutine test_callable_value_is_invoked_with_prompt>
            <Coroutine test_wildcard_key_matches_any_prompt>
            <Coroutine test_unknown_prompt_raises>
          <Class TestHttpLLMClient>
            <Coroutine test_serializes_openai_chat_completion_request>
            <Coroutine test_propagates_http_error>
            <Coroutine test_raises_when_response_has_no_choices>
          <Class TestBuildVacancyScoringPrompt>
            <Function test_includes_all_vacancy_fields>
            <Function test_includes_all_profile_fields>
            <Function test_includes_resume_section_when_provided>
            <Function test_omits_resume_section_when_not_provided>
            <Function test_instructs_model_to_respond_with_json>
          <Class TestParseScoreResponse>
            <Function test_handles_plain_json>
            <Function test_handles_fenced_json>
            <Function test_handles_trailing_comma>
            <Function test_clamps_out_of_range_score_high>
            <Function test_clamps_out_of_range_score_low>
            <Function test_clamps_out_of_range_confidence>
            <Function test_raises_on_invalid_json>
            <Function test_raises_on_missing_score>
            <Function test_defaults_missing_optional_fields>
          <Class TestLLMScorer>
            <Coroutine test_returns_score_result>
            <Coroutine test_includes_resume_when_provided>
            <Coroutine test_prompt_version_comes_from_registry_when_provided>
            <Coroutine test_prompt_version_falls_back_to_hardcoded_when_registry_is_none>
            <Coroutine test_prompt_version_falls_back_when_registry_has_no_active>
            <Coroutine test_prompt_version_uses_active_version_after_set_active>
          <Class TestScoringService>
            <Coroutine test_persists_score_on_match>
            <Coroutine test_score_pending_matches_filters_unscored>
        <Module test_prompt_registry.py>
          <Function test_prompt_version_is_frozen>
          <Function test_prompt_version_carries_all_fields>
          <Function test_in_memory_register_returns_prompt>
          <Function test_in_memory_get_active_returns_active_version>
          <Function test_in_memory_get_active_returns_none_for_unknown_name>
          <Function test_in_memory_get_active_returns_none_when_no_active>
          <Function test_in_memory_get_specific_version>
          <Function test_in_memory_get_returns_none_for_unknown_pair>
          <Function test_in_memory_list_all_filters_by_name>
          <Function test_in_memory_list_all_returns_every_prompt_when_name_is_none>
          <Function test_in_memory_set_active_deactivates_previous>
          <Function test_in_memory_set_active_raises_for_unknown_version>
          <Function test_sql_register_persists_row>
          <Function test_sql_get_active_returns_active_version>
          <Function test_sql_set_active_deactivates_previous>
          <Function test_sql_unique_active_per_name_at_db_level>
          <Function test_sql_unique_name_version_pair_at_db_level>
        <Module test_score_pending_matches.py>
          <Class TestScorePendingMatchesFailSoft>
            <Coroutine test_per_match_error_does_not_abort_batch>
        <Module test_seed_prompts.py>
          <Function test_seed_registers_vacancy_scoring>
          <Function test_seed_registers_cover_letter>
          <Function test_seed_registers_exactly_two_prompts>
          <Function test_seed_versions_follow_semver>
          <Function test_seed_is_idempotent>
          <Function test_seed_prompts_are_frozen_dataclasses>
      <Dir scoring_ab>
        <Module test_experiment_repository.py>
          <Function test_in_memory_add_returns_experiment>
          <Function test_in_memory_add_raises_on_duplicate_id>
          <Function test_in_memory_add_raises_on_weight_mismatch>
          <Function test_in_memory_add_rejects_empty_variants>
          <Function test_in_memory_add_rejects_duplicate_variant_names>
          <Function test_in_memory_get_active_returns_active>
          <Function test_in_memory_get_active_returns_none_when_no_active>
          <Function test_in_memory_get_active_returns_none_for_unknown_name>
          <Function test_in_memory_list_all_returns_every_experiment>
          <Function test_in_memory_add_replaces_active_for_same_name>
          <Function test_in_memory_record_outcome_appends_row>
          <Function test_in_memory_aggregate_outcomes_per_variant>
          <Function test_sql_add_persists_experiment>
          <Function test_sql_get_active_returns_none_when_none_active>
          <Function test_sql_list_all_returns_every_experiment>
          <Function test_sql_add_replaces_active_for_same_name>
          <Function test_sql_record_outcome_persists_row>
          <Function test_sql_aggregate_outcomes_groups_by_variant>
          <Function test_repository_protocol_is_runtime_checkable>
        <Module test_experiment_service.py>
          <Function test_assign_variant_returns_one_of_experiment_variants>
          <Function test_assign_variant_is_deterministic>
          <Function test_assign_variant_is_independent_of_vacancy_id>
          <Function test_assign_variant_returns_none_when_no_active_experiment>
          <Function test_assign_variant_returns_none_for_unknown_experiment>
          <Function test_assign_variant_distribution_follows_weights>
          <Function test_assign_variant_changes_per_user_within_distribution>
          <Function test_record_outcome_appends_to_repository>
          <Function test_record_outcome_is_noop_for_unknown_experiment>
          <Function test_record_outcome_propagates_non_db_exception>
          <Function test_record_outcome_swallows_and_logs_sqlalchemy_error>
        <Module test_migration.py>
          <Function test_migration_upgrade_creates_three_tables>
          <Function test_migration_downgrade_removes_three_tables>
        <Module test_models.py>
          <Function test_scoring_variant_is_frozen>
          <Function test_scoring_variant_carries_all_fields>
          <Function test_scoring_experiment_is_frozen>
          <Function test_scoring_experiment_carries_all_fields>
        <Module test_scoring_ab_api.py>
          <Function test_list_experiments_returns_empty_list>
          <Function test_list_experiments_returns_all_with_variants>
          <Function test_list_experiments_response_shape>
          <Function test_outcomes_for_unknown_experiment_returns_404>
          <Function test_outcomes_returns_empty_when_no_data_yet>
          <Function test_outcomes_aggregates_per_variant>
        <Module test_scoring_integration.py>
          <Coroutine test_score_match_uses_variant_prompt_version>
          <Coroutine test_score_match_records_outcome>
          <Coroutine test_score_match_without_experiment_service_uses_baseline>
          <Coroutine test_score_match_with_inactive_experiment_uses_baseline>
          <Coroutine test_score_match_deterministic_for_same_user>
      <Dir scoring_review>
        <Module test_scoring_review_api.py>
          <Function test_queue_default_threshold_orders_ascending>
          <Function test_queue_respects_threshold_and_limit>
          <Function test_queue_rejects_invalid_threshold>
          <Function test_note_endpoint_writes_audit_event>
          <Function test_note_endpoint_returns_404_for_unknown_match>
          <Function test_note_endpoint_rejects_empty_note>
          <Function test_note_endpoint_rejects_overlong_note>
        <Module test_scoring_review_queue.py>
          <Function test_low_confidence_match_is_frozen>
          <Class TestInMemoryQueue>
            <Function test_filters_by_threshold>
            <Function test_orders_by_confidence_ascending>
            <Function test_respects_limit>
            <Function test_filters_by_since>
            <Function test_excludes_null_confidence>
            <Function test_returns_user_and_profile_ids>
            <Function test_mark_reviewed_writes_audit_event>
            <Function test_mark_reviewed_raises_for_unknown_match>
            <Function test_threshold_uses_strict_inequality>
        <Module test_scoring_review_sql.py>
          <Function test_sql_list_filters_orders_and_limits>
          <Function test_sql_list_excludes_unscored>
          <Function test_sql_mark_reviewed_writes_audit_event>
          <Function test_sql_mark_reviewed_raises_for_unknown_match>
          <Function test_sql_threshold_is_strict>
      <Dir search_profiles>
        <Module test_activation.py>
          <Function test_activate_profile_sets_is_active_true>
          <Function test_deactivate_profile_sets_is_active_false>
          <Function test_activate_returns_updated_profile>
          <Function test_activate_profile_for_non_owner_returns_403>
          <Function test_activate_unknown_profile_raises_not_found>
          <Function test_api_activate_endpoint>
          <Function test_preferred_endpoint_returns_404_when_none>
        <Module test_search_profile_api.py>
          <Function test_create_profile_returns_201>
          <Function test_create_profile_without_token_returns_401>
          <Function test_create_profile_with_invalid_token_returns_401>
          <Function test_create_profile_without_title_returns_422>
          <Function test_list_profiles_returns_only_own>
          <Function test_list_profiles_empty>
          <Function test_list_profiles_without_token_returns_401>
          <Function test_get_profile_returns_200>
          <Function test_get_profile_of_other_user_returns_403>
          <Function test_get_unknown_profile_returns_404>
          <Function test_get_profile_without_token_returns_401>
          <Function test_update_profile_returns_200>
          <Function test_update_other_user_profile_returns_403>
          <Function test_update_unknown_profile_returns_404>
          <Function test_update_profile_without_token_returns_401>
          <Function test_update_invalid_salary_range_returns_422>
          <Function test_delete_profile_returns_204>
          <Function test_delete_other_user_profile_returns_403>
          <Function test_delete_unknown_profile_returns_404>
          <Function test_delete_profile_without_token_returns_401>
        <Module test_search_profile_service.py>
          <Function test_create_returns_profile_with_id>
          <Function test_create_with_minimal_fields>
          <Function test_create_with_salary_range>
          <Function test_create_invalid_salary_range_raises>
          <Function test_get_returns_profile>
          <Function test_get_unknown_profile_raises_not_found>
          <Function test_get_profile_of_other_user_raises_forbidden>
          <Function test_list_returns_only_own_profiles>
          <Function test_list_empty_for_new_user>
          <Function test_update_title>
          <Function test_update_salary_range>
          <Function test_update_other_user_profile_raises_forbidden>
          <Function test_update_unknown_profile_raises_not_found>
          <Function test_update_sets_updated_at>
          <Function test_update_invalid_salary_range_raises_validation>
          <Function test_delete_removes_profile>
          <Function test_delete_other_user_profile_raises_forbidden>
          <Function test_delete_unknown_profile_raises_not_found>
      <Dir source_metrics>
        <Module test_source_metric_event.py>
          <Function test_kind_enum_has_four_required_values>
          <Function test_event_carries_documented_fields>
          <Function test_event_is_immutable>
          <Function test_event_id_is_populated_by_default>
          <Function test_event_metadata_defaults_to_empty_dict>
        <Module test_source_metric_repository.py>
          <Function test_record_persists_event>
          <Function test_query_filters_by_source_name>
          <Function test_query_filters_by_since>
          <Function test_query_filters_by_until>
          <Function test_query_returns_empty_when_no_match>
          <Function test_query_orders_newest_first>
          <Function test_query_window_combinator>
        <Module test_source_metric_repository_sql.py>
          <Function test_record_inserts_row>
          <Function test_record_round_trip_metadata>
          <Function test_query_filters_by_source_name>
          <Function test_query_filters_by_since_strict>
          <Function test_query_filters_by_until_inclusive>
          <Function test_query_orders_newest_first>
        <Module test_source_metrics_api.py>
          <Function test_endpoint_returns_200_with_empty_list>
          <Function test_endpoint_returns_seeded_events>
          <Function test_endpoint_filters_by_source>
          <Function test_endpoint_filters_by_since>
          <Function test_endpoint_filters_by_until>
          <Function test_endpoint_requires_source_parameter>
        <Module test_source_metrics_service.py>
          <Function test_record_ingest_persists_four_kinds>
          <Function test_record_ingest_uses_injected_clock>
          <Function test_record_ingest_zero_counts_still_recorded>
          <Function test_record_ingest_metadata_carries_counts>
          <Function test_record_ingest_multiple_calls_produce_distinct_events>
          <Function test_record_ingest_different_sources_isolated>
      <Package sources>
        <Module test_breaker.py>
          <Class TestCircuitBreakerDefaults>
            <Function test_starts_closed>
            <Function test_default_settings>
            <Function test_closed_allow_request_is_true>
            <Function test_record_success_in_closed_resets_counter>
          <Class TestCircuitBreakerTrips>
            <Function test_failures_increment_counter>
            <Function test_reaching_threshold_trips_to_open>
            <Function test_threshold_one_trips_on_first_failure>
            <Function test_success_after_partial_failures_resets_counter>
          <Class TestCircuitBreakerOpen>
            <Function test_open_rejects_requests>
            <Function test_open_rejects_repeatedly_without_changing_state>
            <Function test_open_rejection_does_not_record_failure>
            <Function test_record_failure_in_open_clamps_after_timeout_elapsed>
            <Function test_open_transitions_to_half_open_after_clamped_window_without_requests>
            <Function test_open_should_transition_to_half_open_internally_after_clamped_timeout>
          <Class TestCircuitBreakerHalfOpen>
            <Function test_reset_timeout_transitions_to_half_open>
            <Function test_half_open_allows_exactly_one_call>
            <Function test_half_open_success_closes_breaker>
            <Function test_half_open_failure_reopens_breaker>
            <Function test_half_open_reopened_resets_reset_window>
          <Class TestInMemorySourceCircuitRegistry>
            <Function test_get_or_create_returns_same_instance>
            <Function test_get_or_create_creates_new_for_unknown_name>
            <Function test_get_returns_none_for_unknown>
            <Function test_get_returns_existing_breaker>
            <Function test_reset_clears_all_breakers>
            <Function test_satisfies_protocol>
          <Class TestSourceUnavailableError>
            <Function test_carries_source_and_state>
            <Function test_message_includes_source_and_state>
            <Function test_is_exception>
          <Class TestBreakeredSourceAdapterSearch>
            <Function test_returns_underlying_result_when_closed>
            <Function test_records_success>
            <Function test_records_failure_on_exception>
            <Function test_rejects_when_breaker_open>
            <Function test_open_rejection_does_not_call_inner>
            <Function test_recovers_after_timeout>
          <Class TestBreakeredSourceAdapterNormalize>
            <Function test_returns_underlying_vacancy_when_closed>
            <Function test_rejects_when_breaker_open>
            <Function test_records_failure_when_normalize_raises>
          <Class TestBreakeredSourceAdapterScreening>
            <Function test_returns_underlying_questions_when_closed>
            <Function test_rejects_when_breaker_open>
          <Class TestBreakeredSourceAdapterApply>
            <Function test_returns_underlying_result_when_closed>
            <Function test_rejects_when_breaker_open>
            <Function test_records_failure_when_apply_raises>
          <Class TestBreakeredSourceAdapterAudit>
            <Function test_emits_source_degraded_when_breaker_trips>
            <Function test_does_not_emit_degraded_repeatedly>
            <Function test_emits_source_recovered_on_half_open_success>
            <Function test_no_audit_service_does_not_crash>
          <Class TestBreakeredSourceAdapterProtocol>
            <Function test_satisfies_source_adapter_protocol>
            <Function test_name_is_forwarded_from_inner>
            <Function test_breakers_are_independent_per_source>
          <Class TestBreakerSettings>
            <Function test_default_settings_are_sane>
            <Function test_settings_are_frozen>
          <Class TestBreakeredSourceAdapterWithRealNormalizer>
            <Function test_normalize_runs_inner_when_closed>
        <Module test_dedup.py>
          <Class TestIsDuplicate>
            <Coroutine test_new_vacancy_is_not_duplicate>
            <Coroutine test_same_source_id_is_duplicate>
            <Coroutine test_cross_source_same_content_hash_is_duplicate>
            <Coroutine test_different_source_and_different_hash_is_not_duplicate>
            <Coroutine test_content_hash_none_falls_back_to_source_identity>
            <Coroutine test_empty_repo_returns_false>
          <Class TestFindDuplicates>
            <Coroutine test_returns_matching_by_content_hash>
            <Coroutine test_returns_empty_when_no_match>
            <Coroutine test_none_content_hash_returns_empty>
          <Class TestDeduplicateBatch>
            <Coroutine test_splits_new_and_duplicates>
            <Coroutine test_cross_source_duplicate_detected_in_batch>
            <Coroutine test_in_batch_duplicates_are_deduplicated>
            <Coroutine test_in_batch_cross_source_duplicates_deduplicated>
            <Coroutine test_empty_batch_returns_empty>
            <Coroutine test_all_new_when_repo_empty>
            <Coroutine test_all_duplicates_when_repo_matches_all>
          <Class TestSourceServiceIngestBatch>
            <Coroutine test_ingest_batch_persists_new_and_skips_duplicates>
            <Coroutine test_ingest_batch_logs_skip_count>
            <Coroutine test_ingest_vacancy_deduped_returns_none_for_duplicate>
            <Coroutine test_ingest_vacancy_deduped_returns_vacancy_when_new>
            <Coroutine test_ingest_batch_empty_returns_empty>
        <Module test_list_api.py>
          <Class TestListVacancies>
            <Function test_list_returns_paginated_vacancies>
            <Function test_list_filters_by_source>
            <Function test_list_filters_by_salary_min>
            <Function test_list_filters_by_location>
            <Function test_list_filters_by_since>
            <Function test_list_combines_filters>
            <Function test_list_respects_limit_and_offset>
            <Function test_list_returns_empty_for_no_matches>
        <Module test_normalizer.py>
          <Class TestNormalizeHH>
            <Function test_maps_core_fields>
            <Function test_maps_salary_fields>
            <Function test_maps_skills_as_list>
            <Function test_maps_published_at_to_utc>
            <Function test_stores_raw_data_verbatim>
            <Function test_computes_content_hash>
            <Function test_content_hash_changes_with_title>
            <Function test_content_hash_changes_with_employer>
            <Function test_minimal_response_no_salary>
            <Function test_salary_gross_defaults_false_when_absent>
            <Function test_url_falls_back_to_alternate_url>
            <Function test_skills_silently_skip_blank_entries>
          <Class TestSalaryNormalization>
            <Function test_gross_to_net_conversion>
            <Function test_net_salary_unchanged>
            <Function test_hourly_to_monthly_conversion>
            <Function test_salary_only_from_present>
            <Function test_salary_only_to_present>
            <Function test_salary_currency_defaults_to_rur>
            <Function test_rounds_to_integer>
            <Function test_missing_salary_block_returns_none>
          <Class TestDispatcher>
            <Function test_unknown_source_raises>
            <Function test_normalize_alias_matches_normalize_hh>
          <Class TestContentHashHelper>
            <Function test_returns_64_hex_chars>
            <Function test_changes_when_any_field_changes>
            <Function test_pipe_separator_prevents_collision>
            <Function test_none_fields_become_empty_strings>
          <Class TestParseHhDatetime>
            <Function test_parses_with_colonless_timezone>
            <Function test_returns_none_for_empty>
            <Function test_returns_none_for_garbage>
            <Function test_returns_aware_datetime>
        <Module test_source_service.py>
          <Class TestIngestVacancy>
            <Function test_ingest_creates_new_vacancy>
            <Function test_ingest_is_idempotent_on_same_natural_key>
            <Function test_ingest_persists_raw_payload_verbatim>
            <Function test_ingest_applies_salary_normalisation>
            <Function test_ingest_without_salary>
            <Function test_ingest_different_source_creates_new_row>
            <Function test_ingest_unknown_source_raises>
            <Function test_repository_is_observable>
        <Module test_source_service_metrics.py>
          <Coroutine test_ingest_batch_records_four_kinds>
          <Coroutine test_ingest_batch_records_duration>
          <Coroutine test_ingest_batch_records_shared_timestamp>
          <Coroutine test_ingest_vacancy_deduped_records_metrics>
          <Coroutine test_ingest_vacancy_deduped_duplicate_records_dedup_count>
          <Coroutine test_metrics_disabled_when_none>
        <Module test_vacancy_repository.py>
          <Class TestUpsert>
            <Function test_upsert_inserts_new>
            <Function test_upsert_returns_same_record_on_second_call>
            <Function test_upsert_replaces_mutable_fields>
            <Function test_upsert_different_source_id_creates_new>
            <Function test_upsert_different_source_creates_new>
          <Class TestGetById>
            <Function test_get_by_id_returns_vacancy>
            <Function test_get_by_id_returns_none_for_unknown>
          <Class TestListBySource>
            <Function test_list_by_source_returns_matching>
            <Function test_list_by_source_empty>
          <Class TestListRecent>
            <Function test_list_recent_respects_limit>
            <Function test_list_recent_returns_most_recent_first>
          <Class TestGetByIds>
            <Function test_get_by_ids_returns_matching_vacancies>
            <Function test_get_by_ids_returns_empty_for_unknown_ids>
            <Function test_get_by_ids_returns_empty_for_empty_list>
            <Function test_get_by_ids_handles_duplicates>
          <Class TestSqlRepository>
            <Function test_upsert_inserts_and_returns_row>
            <Function test_upsert_updates_existing_row_in_place>
            <Function test_unique_constraint_rejects_duplicate_natural_key>
            <Function test_list_by_source_filters>
            <Function test_list_recent_respects_limit>
            <Function test_repository_without_factory_raises>
            <Function test_upsert_applies_column_defaults_when_caller_leaves_them_unset>
            <Function test_get_by_ids_returns_matching_vacancies>
            <Function test_get_by_ids_returns_empty_for_unknown_ids>
            <Function test_get_by_ids_returns_empty_for_empty_list>
            <Function test_get_by_ids_handles_duplicates>
          <Class TestInMemoryFilterList>
            <Function test_list_with_filters_returns_newest_first>
            <Function test_list_with_filters_combines_all_filters>
            <Function test_count_with_filters_matches_list_length>
            <Function test_list_with_filters_respects_offset_and_limit>
          <Class TestSqlFilterList>
            <Function test_list_with_filters_applies_all_predicates>
      <Dir telegram>
        <Module test_accept_action.py>
          <Function test_parse_accept_command_with_match_id>
          <Function test_parse_accept_command_without_args_returns_none>
          <Function test_parse_accept_command_with_invalid_uuid_returns_none>
          <Function test_handle_accepts_match_for_owner>
          <Function test_handle_refuses_non_owner>
          <Function test_handle_refuses_accept_from_rejected_status>
          <Function test_handle_refuses_accept_from_applied_status>
          <Function test_handle_rejects_unlinked_telegram_account>
          <Coroutine test_dispatcher_routes_accept_command>
          <Function test_accept_enqueues_apply_job_when_handler_provided>
          <Function test_accept_succeeds_even_if_enqueue_fails>
          <Function test_accept_skips_enqueue_when_handler_is_none>
        <Module test_defer_action.py>
          <Function test_defer_command_parses_match_id>
          <Function test_defer_command_no_args_returns_help>
          <Function test_defer_command_with_invalid_uuid_returns_none>
          <Function test_handle_defers_match_for_owner>
          <Function test_handle_rejects_unknown_match>
          <Function test_handle_rejects_match_for_non_owner>
          <Function test_handle_creates_audit_event>
          <Function test_handle_refuses_defer_from_rejected_status>
          <Function test_handle_refuses_defer_from_accepted_status>
          <Function test_handle_rejects_unlinked_telegram_account>
          <Function test_handle_defers_from_each_allowed_status[new]>
          <Function test_handle_defers_from_each_allowed_status[scored]>
          <Function test_handle_defers_from_each_allowed_status[review]>
          <Function test_handle_defers_already_deferred_match>
          <Coroutine test_dispatcher_routes_defer_command>
          <Coroutine test_dispatcher_defer_command_without_args_returns_help>
          <Coroutine test_dispatcher_includes_defer_in_help>
        <Module test_digest_api.py>
          <Function test_post_digest_send_returns_count_and_date>
          <Function test_post_digest_send_uses_dependency_injection>
          <Function test_get_digest_settings_default_is_nine>
          <Function test_get_digest_settings_honours_env_var>
          <Function test_get_digest_settings_rejects_out_of_range>
          <Function test_get_digest_settings_rejects_non_integer>
          <Function test_digest_settings_dataclass_validates_range>
          <Function test_digest_sender_is_exported>
        <Module test_digest_excludes_deferred.py>
          <Coroutine test_stats_exclude_deferred_matches>
          <Coroutine test_stats_digest_does_not_mention_deferred_for_user_with_only_deferred>
        <Module test_digest_runner.py>
          <Function test_digest_runner_is_base_process_subclass>
          <Coroutine test_digest_runner_run_once_invokes_sender_with_today>
          <Coroutine test_digest_runner_run_once_returns_sender_count>
          <Coroutine test_digest_runner_loop_dispatches_once_when_deadline_is_past>
          <Coroutine test_digest_runner_does_not_dispatch_before_digest_hour>
          <Function test_digest_runner_signals_include_sigterm>
          <Function test_digest_runner_default_digest_hour_is_nine>
          <Function test_digest_runner_holds_collaborators>
        <Module test_digest_sender.py>
          <Coroutine test_send_to_user_uses_linked_telegram_chat_id>
          <Coroutine test_send_to_user_returns_false_when_no_telegram_link>
          <Coroutine test_send_to_all_users_dispatches_to_every_linked_user>
          <Coroutine test_send_to_all_users_skips_users_without_telegram>
          <Coroutine test_send_to_all_users_returns_zero_when_no_users>
          <Coroutine test_send_to_all_users_renders_digest_with_correct_date>
          <Function test_digest_sender_is_a_value_object>
        <Module test_linking.py>
          <Function test_generate_token_returns_string>
          <Function test_generate_token_is_unique>
          <Function test_link_account_returns_user_id>
          <Function test_link_account_requires_user_id_from_token>
          <Function test_link_account_with_invalid_token_raises>
          <Function test_link_account_with_already_used_token_raises>
          <Function test_link_account_with_expired_token_raises>
          <Function test_link_account_rejects_duplicate_telegram_user_id>
          <Function test_link_account_allows_same_telegram_user_id_relink>
          <Function test_find_telegram_user_id_returns_none_for_unlinked>
          <Function test_find_telegram_user_id_returns_id_for_linked>
          <Function test_find_user_id_returns_none_for_unlinked>
          <Function test_find_user_id_returns_user_id_for_linked>
          <Coroutine test_link_command_with_valid_code_returns_success>
          <Coroutine test_link_command_persists_account_when_repo_injected>
          <Coroutine test_link_command_with_invalid_code_returns_error>
          <Coroutine test_link_command_without_code_returns_usage_hint>
          <Coroutine test_link_command_duplicate_telegram_account_returns_error>
        <Module test_regenerate_action.py>
          <Function test_regenerate_command_parses_match_id>
          <Function test_regenerate_command_no_args_returns_help>
          <Function test_regenerate_command_with_invalid_uuid_returns_none>
          <Coroutine test_handle_regenerates_cover_letter_for_owner>
          <Coroutine test_handle_bumps_version_on_each_regenerate>
          <Coroutine test_handle_rejects_unknown_match>
          <Coroutine test_handle_rejects_match_for_non_owner>
          <Coroutine test_handle_creates_audit_event>
          <Coroutine test_handle_rejects_unlinked_telegram_account>
          <Coroutine test_handle_refuses_when_no_draft_exists>
          <Coroutine test_handle_returns_markdownv2_preview>
          <Coroutine test_dispatcher_routes_regenerate_command>
          <Coroutine test_dispatcher_regenerate_command_without_args_returns_help>
          <Coroutine test_dispatcher_includes_regenerate_in_help>
        <Module test_reject_action.py>
          <Function test_parse_reject_command_with_match_id_only>
          <Function test_parse_reject_command_with_reason>
          <Function test_parse_reject_command_without_args_returns_none>
          <Function test_parse_reject_command_with_invalid_uuid_returns_none>
          <Function test_handle_rejects_match_for_owner>
          <Function test_handle_rejects_with_reason>
          <Function test_handle_rejects_match_for_non_owner>
          <Function test_handle_rejects_unknown_match>
          <Function test_handle_creates_audit_event_with_reason>
          <Function test_handle_rejects_from_each_allowed_status>
          <Function test_handle_refuses_reject_from_rejected_status>
          <Function test_handle_refuses_reject_from_applied_status>
          <Function test_handle_rejects_unlinked_telegram_account>
          <Function test_handle_records_learning_signal_with_reason>
          <Function test_handle_records_learning_signal_without_reason>
          <Function test_handle_records_score_and_prompt_version_when_present>
          <Function test_handle_does_not_record_learning_signal_for_unlinked_account>
          <Function test_handle_does_not_record_learning_signal_for_non_owner>
          <Coroutine test_dispatcher_routes_reject_command>
          <Coroutine test_dispatcher_reject_command_without_args_returns_help>
          <Coroutine test_dispatcher_includes_reject_in_help>
        <Module test_review_action.py>
          <Function test_parse_review_command>
          <Function test_parse_review_command_without_args_returns_none>
          <Function test_parse_review_command_with_invalid_uuid_returns_none>
          <Function test_render_review_card_with_full_data>
          <Function test_render_review_card_without_cover_letter>
          <Function test_render_review_card_truncates_long_explanation>
          <Function test_render_review_card_handles_missing_score>
          <Function test_render_review_card_handles_missing_salary>
          <Function test_render_review_card_handles_missing_skills>
          <Function test_render_review_card_escapes_markdown_special_chars>
          <Function test_handle_review_returns_card_for_owner>
          <Function test_handle_review_includes_cover_letter_status>
          <Function test_handle_review_rejects_unknown_match>
          <Function test_handle_review_rejects_non_owner>
          <Function test_handle_review_rejects_unlinked_telegram_account>
          <Coroutine test_dispatcher_routes_review_command>
          <Coroutine test_dispatcher_review_command_without_args_returns_help>
          <Coroutine test_dispatcher_includes_review_in_help>
        <Module test_stats_service.py>
          <Coroutine test_get_user_stats_zero_when_no_matches>
          <Coroutine test_get_user_stats_groups_matches_by_status>
          <Coroutine test_get_user_stats_applied_today_counts_only_today_in_utc>
          <Coroutine test_get_user_stats_uses_clock_when_on_date_omitted>
          <Coroutine test_get_user_stats_only_counts_users_own_profiles>
          <Coroutine test_get_all_users_with_telegram_returns_only_linked_users>
          <Coroutine test_get_all_users_with_telegram_empty_when_no_links>
          <Coroutine test_matches_new_aggregates_new_and_scored[new-True]>
          <Coroutine test_matches_new_aggregates_new_and_scored[scored-True]>
          <Coroutine test_matches_new_aggregates_new_and_scored[review-False]>
          <Coroutine test_matches_new_aggregates_new_and_scored[accepted-False]>
          <Coroutine test_matches_new_aggregates_new_and_scored[rejected-False]>
          <Coroutine test_matches_new_aggregates_new_and_scored[applied-False]>
          <Coroutine test_matches_new_aggregates_new_and_scored[dismissed-False]>
          <Coroutine test_pending_applications_uses_accepted_as_proxy>
        <Module test_telegram_bot.py>
          <Coroutine test_handle_start_command_returns_welcome>
          <Coroutine test_handle_help_command_returns_help>
          <Coroutine test_handle_unknown_command_returns_fallback>
          <Function test_bot_process_is_base_process_subclass>
        <Module test_workflow_integration.py>
          <Coroutine test_full_accept_workflow>
          <Coroutine test_full_reject_workflow>
          <Coroutine test_full_defer_workflow>
          <Coroutine test_review_shows_full_match_details>
          <Coroutine test_regenerate_creates_new_draft_version>
          <Coroutine test_cannot_reject_already_rejected>
          <Coroutine test_cannot_accept_already_accepted>
          <Coroutine test_unlinked_user_gets_help_message>
          <Coroutine test_audit_log_records_all_actions>
          <Coroutine test_digest_excludes_deferred_matches>
          <Coroutine test_invalid_command_returns_help>
      <Package telegram_channels>
        <Module test_adapter.py>
          <Class TestTelegramChannelAdapterProtocol>
            <Function test_satisfies_protocol>
          <Class TestTelegramChannelAdapterSearch>
            <Function test_search_returns_raw_dicts>
            <Function test_search_skips_non_vacancy_posts>
            <Function test_search_iterates_every_configured_channel>
            <Function test_search_returns_empty_when_no_channels_configured>
            <Function test_search_skips_channel_with_no_messages>
          <Class TestTelegramChannelAdapterNormalize>
            <Function test_normalize_delegates_to_telegram_channel_normalizer>
          <Class TestTelegramChannelAdapterScreening>
            <Function test_extract_screening_questions_returns_empty>
          <Class TestTelegramChannelAdapterApply>
            <Function test_apply_raises_not_implemented>
          <Class TestTelegramChannelAdapterRegistry>
            <Function test_registered_under_name>
        <Module test_classifier.py>
          <Class TestTelegramChannelClassifier>
            <Function test_classifier_accepts_explicit_vacancy_hashtag>
            <Function test_classifier_accepts_russian_vacancy_hashtag>
            <Function test_classifier_accepts_hiring_keyword>
            <Function test_classifier_accepts_keyword_anywhere>
            <Function test_classifier_rejects_casual_chat>
            <Function test_classifier_rejects_news_post>
            <Function test_classifier_rejects_empty_text>
            <Function test_classifier_rejects_post_with_anti_keyword>
            <Function test_classifier_uses_custom_markers>
            <Function test_classifier_is_case_insensitive>
            <Function test_classifier_handles_none_text>
        <Module test_client.py>
          <Class TestTelegramChannelMessage>
            <Function test_required_fields>
            <Function test_text_preserved>
            <Function test_author_optional>
            <Function test_published_at_optional>
            <Function test_invalid_message_id_raises>
            <Function test_empty_channel_id_raises>
          <Class TestInMemoryTelegramChannelClient>
            <Function test_implements_protocol>
            <Function test_fetch_new_messages_returns_seeded_messages>
            <Function test_fetch_new_messages_unknown_channel_returns_empty>
            <Function test_fetch_new_messages_drains_by_default>
            <Function test_fetch_new_messages_keep_buffer_does_not_drain>
            <Function test_add_message_appends_to_channel>
            <Function test_add_message_unknown_channel_appends>
            <Function test_list_channels>
            <Function test_list_channels_empty_by_default>
        <Module test_config.py>
          <Class TestTelegramChannelsSettingsParsing>
            <Function test_default_poll_interval>
            <Function test_explicit_poll_interval>
            <Function test_comma_separated_channels>
            <Function test_whitespace_only_entries_are_dropped>
            <Function test_unset_env_returns_empty_settings>
          <Class TestTelegramChannelsSettingsValidation>
            <Function test_invalid_poll_interval_raises>
            <Function test_zero_poll_interval_raises>
            <Function test_negative_poll_interval_raises>
          <Class TestTelegramChannelConfig>
            <Function test_identifier_required>
            <Function test_display_name_optional>
            <Function test_display_name_propagates>
        <Module test_integration.py>
          <Class TestEndToEndFlow>
            <Function test_search_then_ingest_persists_vacancy>
            <Function test_registry_lookup_round_trip>
            <Function test_multi_channel_ingest>
            <Function test_dedup_skips_repeat_messages>
        <Module test_normalizer.py>
          <Class TestTelegramChannelNormalizer>
            <Function test_source_is_telegram_channel>
            <Function test_source_id_is_channel_id_colon_message_id>
            <Function test_title_uses_first_non_marker_line>
            <Function test_description_uses_full_text>
            <Function test_url_uses_telegram_message_link>
            <Function test_url_handles_numeric_channel_id>
            <Function test_employer_name_falls_back_to_author>
            <Function test_employer_name_overrides_author_when_explicit>
            <Function test_raw_data_round_trip>
            <Function test_content_hash_computed>
            <Function test_invalid_payload_raises>
            <Function test_missing_channel_id_raises>
            <Function test_missing_message_id_raises>
            <Function test_missing_text_raises>
            <Function test_empty_text_yields_unknown_title>
        <Module test_scanner.py>
          <Class TestScannerConstruction>
            <Function test_invalid_poll_interval_raises>
            <Function test_name_defaults_to_telegram_channel_scanner>
          <Class TestScannerRun>
            <Function test_run_ingests_seeded_vacancies>
            <Function test_run_ignores_non_vacancy_messages>
            <Function test_run_drains_messages_after_ingest>
            <Function test_run_dedupes_same_message_across_ticks>
            <Function test_run_handles_no_channels_gracefully>
            <Function test_repeated_tick_failures_do_not_leak_tasks>
            <Function test_error_backoff_does_not_emit_process_shutdown_log>
      <Dir users>
        <Module test_admin_promotion.py>
          <Function test_promote_marks_user_admin>
          <Function test_promote_unknown_email_exits_nonzero>
          <Function test_promote_idempotent>
          <Function test_promote_requires_email_flag>
          <Function test_cli_dispatch_routes_promote_subcommand>
        <Module test_auth_api.py>
          <Function test_register_endpoint_creates_user_and_returns_201>
          <Function test_register_endpoint_duplicate_email_returns_409>
          <Function test_register_endpoint_validation_error_returns_422>
          <Function test_login_endpoint_returns_token_for_correct_password>
          <Function test_login_endpoint_wrong_password_returns_401>
          <Function test_login_endpoint_unknown_email_returns_401>
          <Function test_me_endpoint_returns_user_for_valid_token>
          <Function test_me_endpoint_without_token_returns_401>
          <Function test_me_endpoint_with_invalid_token_returns_401>
          <Function test_logout_endpoint_invalidates_token>
          <Function test_logout_endpoint_without_token_returns_401>
        <Module test_auth_service.py>
          <Function test_register_creates_user>
          <Function test_register_does_not_store_plaintext_password>
          <Function test_register_duplicate_email_returns_conflict>
          <Function test_register_normalizes_email_lowercase>
          <Function test_login_with_correct_password_returns_token>
          <Function test_login_with_wrong_password_raises>
          <Function test_login_with_unknown_email_raises>
          <Function test_get_me_returns_user_for_valid_token>
          <Function test_get_me_with_invalid_token_raises>
          <Function test_logout_invalidates_token>
        <Module test_auth_session.py>
          <Function test_session_cookie_constants_are_exposed>
          <Function test_default_settings_have_secure_cookie_in_production>
          <Function test_settings_disable_secure_cookie_in_development>
          <Function test_login_html_sets_cookie_and_redirects>
          <Function test_login_json_does_not_redirect>
          <Function test_login_html_invalid_credentials_renders_form_with_error>
          <Function test_login_redirect_uses_next_when_safe>
          <Function test_login_redirect_rejects_open_redirect>
          <Function test_get_login_form_renders_html>
          <Function test_get_login_form_prefilled_next>
          <Function test_get_login_redirects_when_already_logged_in>
          <Function test_me_with_cookie_returns_user>
          <Function test_me_with_cookie_or_bearer_either_works>
          <Function test_me_with_no_creds_returns_401>
          <Function test_logout_html_clears_cookie_and_redirects>
          <Function test_logout_json_returns_204>
          <Function test_cookie_secure_default_in_production>
          <Function test_cookie_not_secure_in_development>
          <Function test_html_pages_escape_user_input>
        <Module test_security.py>
          <Function test_hash_password_returns_string_different_from_plaintext>
          <Function test_hash_password_is_non_deterministic>
          <Function test_verify_password_round_trip>
          <Function test_issue_token_returns_nonempty_string>
          <Function test_verify_token_round_trip>
          <Function test_verify_token_rejects_unknown_token>
          <Function test_verify_token_rejects_expired_token>
        <Module test_sessions.py>
          <Function test_login_creates_session>
          <Function test_login_creates_distinct_sessions>
          <Function test_resolve_token_validates_active_session>
          <Function test_revoked_session_rejects_token>
          <Function test_unknown_token_raises>
          <Function test_expired_session_rejects_token>
          <Function test_refresh_returns_new_token>
          <Function test_refreshed_token_is_valid>
          <Function test_old_token_invalid_after_refresh>
          <Function test_refresh_with_invalid_token_raises>
          <Function test_refresh_preserves_session_count>
          <Function test_logout_revokes_session_in_repo>
          <Function test_logout_is_idempotent>
          <Function test_logout_unknown_token_does_not_raise>
        <Module test_telegram_link_api.py>
          <Function test_telegram_link_endpoint_returns_linking_code>
          <Function test_telegram_link_endpoint_without_token_returns_401>
          <Function test_telegram_link_endpoint_with_invalid_token_returns_401>
          <Function test_telegram_link_endpoint_returns_different_codes>
        <Module test_users_repository.py>
          <Function test_create_and_get_by_id>
          <Function test_get_by_email>
          <Function test_get_by_email_returns_none_for_unknown>
      <Dir writing_style_memory>
        <Module test_style_memory_accept_integration.py>
          <Function test_accept_records_accepted_letter_into_style_memory>
          <Function test_accept_succeeds_when_no_draft_exists_for_match>
          <Function test_accept_succeeds_when_style_memory_service_is_none>
          <Function test_accept_succeeds_when_style_memory_recording_fails>
          <Function test_existing_accept_action_tests_still_pass>
          <Function test_record_style_memory_skips_when_draft_id_is_zero_uuid>
        <Module test_style_memory_api.py>
          <Function test_get_summary_without_token_returns_401>
          <Function test_get_summary_returns_null_when_no_entries>
          <Function test_get_summary_returns_aggregated_text>
          <Function test_get_summary_isolates_users>
        <Module test_style_memory_migration.py>
          <Function test_style_memory_alembic_upgrade_creates_table>
          <Function test_style_memory_alembic_downgrade_drops_table>
        <Module test_style_memory_repository.py>
          <Function test_in_memory_record_persists_entry>
          <Function test_in_memory_list_for_user_returns_recent_first>
          <Function test_in_memory_list_for_user_respects_limit>
          <Function test_in_memory_list_for_user_returns_empty_for_unknown_user>
          <Function test_in_memory_get_aggregated_returns_none_when_empty>
          <Function test_in_memory_get_aggregated_concatenates_recent_summaries>
          <Function test_sql_record_and_list_round_trip>
          <Function test_sql_list_for_user_returns_newest_first>
          <Function test_sql_list_for_user_isolates_users>
          <Function test_sql_get_aggregated_returns_none_for_empty>
          <Function test_sql_get_aggregated_concatenates_recent_summaries>
          <Function test_sql_persists_via_session_factory>
        <Module test_style_memory_service.py>
          <Function test_record_accepted_letter_persists_an_entry>
          <Function test_record_accepted_letter_ignores_empty_letter>
          <Function test_record_accepted_letter_uses_supplied_cover_letter_id>
          <Function test_get_aggregated_summary_returns_none_when_empty>
          <Function test_get_aggregated_summary_joins_recent_summaries>
          <Function test_get_aggregated_summary_isolates_users>
        <Module test_style_memory_summariser.py>
          <Function test_summarise_returns_empty_string_for_blank_input>
          <Function test_summarise_includes_first_sentence>
          <Function test_summarise_includes_word_count>
          <Function test_summarise_includes_trigrams>
          <Function test_summarise_is_deterministic>
          <Function test_summarise_format_is_stable_snapshot>
          <Function test_summarise_format_empty_trigrams_section_is_stable>
          <Function test_summarise_format_sections_are_semicolon_joined>
    <Module test_app.py>
      <Function test_create_app_returns_fastapi_instance>
      <Function test_healthz_returns_200_ok_with_status_ok>
      <Function test_healthz_does_not_touch_db_or_redis>
      <Function test_openapi_schema_is_generated_without_500>
    <Module test_core.py>
      <Function test_greet>
    <Module test_db.py>
      <Function test_base_metadata_collects_models>
      <Function test_get_sessionmaker_returns_working_factory>
      <Function test_get_db_yields_and_closes>
      <Function test_get_db_closes_session_on_consumer_exception>
      <Function test_get_db_no_args_yields_session_from_session_local>
      <Function test_init_db_creates_all_tables>
      <Function test_module_level_engine_and_sessionmaker_use_settings>
      <Function test_database_settings_default_url>
      <Function test_get_engine_uses_provided_settings>
      <Function test_alembic_baseline_roundtrip>
    <Module test_import_graph.py>
      <Function test_smoke_imports_clean[apply_pilot.features.max.process]>
      <Function test_smoke_imports_clean[apply_pilot.features.messaging.actions.accept]>
      <Function test_smoke_imports_clean[apply_pilot.features.apply_worker.runtime]>
      <Function test_pair_imports_in_both_orders[accept-then-process]>
      <Function test_pair_imports_in_both_orders[runtime-then-service]>
      <Function test_pair_imports_in_both_orders[process-then-accept]>
      <Function test_pair_imports_in_both_orders[service-then-runtime]>
      <Function test_apply_worker_runtime_does_not_eagerly_import_match_service>
      <Function test_match_service_available_via_matches_service>
      <Function test_purge_removes_named_modules>
      <Function test_purge_removes_children>
    <Module test_landing.py>
      <Function test_landing_page_returns_200>
      <Function test_landing_page_contains_applypilot_branding>
      <Function test_landing_page_links_to_docs>
      <Function test_landing_page_links_to_health>
      <Function test_landing_page_links_to_auth_endpoints>
    <Module test_process_runtime.py>
      <Function test_base_process_registers_signal_handlers>
      <Function test_base_process_shutdown_flag_set_on_signal>
      <Function test_base_process_wait_for_shutdown_returns_after_signal>
      <Function test_base_process_stop_sets_event_without_signal>
      <Function test_base_process_restores_handlers_on_stop>
      <Function test_base_process_run_returns_zero_on_graceful_shutdown>
    <Module test_redis_client.py>
      <Function test_redis_client_creates_with_config_url>
      <Function test_redis_client_uses_decoding>
    <Module test_shared.py>
      <Function test_domain_error_str>
      <Function test_not_found_error_subclass>
      <Function test_conflict_and_validation_subclass>
      <Function test_configure_logging_is_idempotent>
      <Function test_configure_logging_respects_level>
      <Function test_configure_logging_json_emits_json>
      <Function test_identified_schema_roundtrip>
      <Function test_timestamped_schema_defaults>

==================================== ERRORS ====================================
____________________ ERROR collecting tests/features/admin _____________________
../../../../.local/share/uv/python/cpython-3.13.2-linux-x86_64-gnu/lib/python3.13/importlib/__init__.py:88: in import_module
    return _bootstrap._gcd_import(name[level:], package, level)
           ^^^^^^^^^^^^^^^^^^^^^^^^^^^^^^^^^^^^^^^^^^^^^^^^^^^^
<frozen importlib._bootstrap>:1387: in _gcd_import
    ???
<frozen importlib._bootstrap>:1360: in _find_and_load
    ???
<frozen importlib._bootstrap>:1331: in _find_and_load_unlocked
    ???
<frozen importlib._bootstrap>:935: in _load_unlocked
    ???
.venv/lib/python3.13/site-packages/_pytest/assertion/rewrite.py:188: in exec_module
    exec(co, module.__dict__)
tests/features/admin/conftest.py:34: in <module>
    import apply_pilot.features.apply_worker.models  # noqa: F401  (pre-warm removed by M10)
    ^^^^^^^^^^^^^^^^^^^^^^^^^^^^^^^^^^^^^^^^^^^^^^^
src/apply_pilot/features/apply_worker/__init__.py:52: in <module>
    from apply_pilot.features.apply_worker.hh_adapter import (
src/apply_pilot/features/apply_worker/hh_adapter.py:40: in <module>
    from apply_pilot.features.apply_worker.runtime import ApplyResult
src/apply_pilot/features/apply_worker/runtime.py:49: in <module>
    from apply_pilot.features.apply_worker.service import ApplyJobService
src/apply_pilot/features/apply_worker/service.py:52: in <module>
    from apply_pilot.features.apply_worker.notifications import ApplyNotifier
src/apply_pilot/features/apply_worker/notifications.py:35: in <module>
    from apply_pilot.features.telegram.repository import TelegramAccountRepository
src/apply_pilot/features/telegram/__init__.py:10: in <module>
    from apply_pilot.features.telegram.bot import TelegramBot, TelegramSettings
src/apply_pilot/features/telegram/bot.py:21: in <module>
    from apply_pilot.features.messaging.dto import SendMessageRequest
src/apply_pilot/features/messaging/__init__.py:22: in <module>
    from apply_pilot.features.messaging.actions.accept import (
src/apply_pilot/features/messaging/actions/__init__.py:14: in <module>
    from apply_pilot.features.messaging.actions.accept import (
src/apply_pilot/features/messaging/actions/accept.py:26: in <module>
    from apply_pilot.features.matches.models import MatchStatus
src/apply_pilot/features/matches/__init__.py:23: in <module>
    from apply_pilot.features.matches.service import (
src/apply_pilot/features/matches/service.py:31: in <module>
    from apply_pilot.features.sources.models import Vacancy
src/apply_pilot/features/sources/__init__.py:50: in <module>
    from apply_pilot.features.sources.adapter import (
src/apply_pilot/features/sources/adapter.py:47: in <module>
    from apply_pilot.features.screening.models import ScreeningQuestion
src/apply_pilot/features/screening/__init__.py:38: in <module>
    from apply_pilot.features.screening.extractor import (
src/apply_pilot/features/screening/extractor.py:53: in <module>
    from apply_pilot.features.screening.repository import ScreeningQuestionRepository
src/apply_pilot/features/screening/repository.py:45: in <module>
    from sqlalchemy.engine.result import CursorResult
E   ImportError: cannot import name 'CursorResult' from 'sqlalchemy.engine.result' (/home/mikhail/projects/job_apply/.worktrees/ci-ty-green/.venv/lib/python3.13/site-packages/sqlalchemy/engine/result.py)
________ ERROR collecting tests/features/careers/test_careers_slice.py _________
.venv/lib/python3.13/site-packages/_pytest/python.py:508: in importtestmodule
    mod = import_path(
.venv/lib/python3.13/site-packages/_pytest/pathlib.py:596: in import_path
    importlib.import_module(module_name)
../../../../.local/share/uv/python/cpython-3.13.2-linux-x86_64-gnu/lib/python3.13/importlib/__init__.py:88: in import_module
    return _bootstrap._gcd_import(name[level:], package, level)
           ^^^^^^^^^^^^^^^^^^^^^^^^^^^^^^^^^^^^^^^^^^^^^^^^^^^^
<frozen importlib._bootstrap>:1387: in _gcd_import
    ???
<frozen importlib._bootstrap>:1360: in _find_and_load
    ???
<frozen importlib._bootstrap>:1331: in _find_and_load_unlocked
    ???
<frozen importlib._bootstrap>:935: in _load_unlocked
    ???
.venv/lib/python3.13/site-packages/_pytest/assertion/rewrite.py:188: in exec_module
    exec(co, module.__dict__)
tests/features/careers/test_careers_slice.py:37: in <module>
    from apply_pilot.features.careers.adapter import CareersPageSourceAdapter
src/apply_pilot/features/careers/__init__.py:34: in <module>
    from apply_pilot.features.careers.adapter import (
src/apply_pilot/features/careers/adapter.py:65: in <module>
    from apply_pilot.features.careers.config import CareersPageSite
E     File "/home/mikhail/projects/job_apply/.worktrees/ci-ty-green/src/apply_pilot/features/careers/config.py", line 40
E       from __future__ import annotations
E       ^^^^^^^^^^^^^^^^^^^^^^^^^^^^^^^^^^
E   SyntaxError: from __future__ imports must occur at the beginning of the file
______________ ERROR collecting tests/features/hh/test_search.py _______________
ImportError while importing test module '/home/mikhail/projects/job_apply/.worktrees/ci-ty-green/tests/features/hh/test_search.py'.
Hint: make sure your test modules/packages have valid Python names.
Traceback:
../../../../.local/share/uv/python/cpython-3.13.2-linux-x86_64-gnu/lib/python3.13/importlib/__init__.py:88: in import_module
    return _bootstrap._gcd_import(name[level:], package, level)
           ^^^^^^^^^^^^^^^^^^^^^^^^^^^^^^^^^^^^^^^^^^^^^^^^^^^^
tests/features/hh/test_search.py:21: in <module>
    from apply_pilot.features.hh.search import (
src/apply_pilot/features/hh/__init__.py:13: in <module>
    from apply_pilot.features.hh.adapter import HhSourceAdapter as HhSourceAdapter
src/apply_pilot/features/hh/adapter.py:37: in <module>
    from apply_pilot.features.screening.extractor import (
src/apply_pilot/features/screening/__init__.py:38: in <module>
    from apply_pilot.features.screening.extractor import (
src/apply_pilot/features/screening/extractor.py:53: in <module>
    from apply_pilot.features.screening.repository import ScreeningQuestionRepository
src/apply_pilot/features/screening/repository.py:45: in <module>
    from sqlalchemy.engine.result import CursorResult
E   ImportError: cannot import name 'CursorResult' from 'sqlalchemy.engine.result' (/home/mikhail/projects/job_apply/.worktrees/ci-ty-green/.venv/lib/python3.13/site-packages/sqlalchemy/engine/result.py)
____________ ERROR collecting tests/features/screening/test_api.py _____________
ImportError while importing test module '/home/mikhail/projects/job_apply/.worktrees/ci-ty-green/tests/features/screening/test_api.py'.
Hint: make sure your test modules/packages have valid Python names.
Traceback:
../../../../.local/share/uv/python/cpython-3.13.2-linux-x86_64-gnu/lib/python3.13/importlib/__init__.py:88: in import_module
    return _bootstrap._gcd_import(name[level:], package, level)
           ^^^^^^^^^^^^^^^^^^^^^^^^^^^^^^^^^^^^^^^^^^^^^^^^^^^^
tests/features/screening/test_api.py:25: in <module>
    from apply_pilot.features.screening import models as _screening_models  # noqa: F401
    ^^^^^^^^^^^^^^^^^^^^^^^^^^^^^^^^^^^^^^^^^^^^^^^^^^^^^^^^^^^^^^^^^^^^^^
src/apply_pilot/features/screening/__init__.py:38: in <module>
    from apply_pilot.features.screening.extractor import (
src/apply_pilot/features/screening/extractor.py:53: in <module>
    from apply_pilot.features.screening.repository import ScreeningQuestionRepository
src/apply_pilot/features/screening/repository.py:45: in <module>
    from sqlalchemy.engine.result import CursorResult
E   ImportError: cannot import name 'CursorResult' from 'sqlalchemy.engine.result' (/home/mikhail/projects/job_apply/.worktrees/ci-ty-green/.venv/lib/python3.13/site-packages/sqlalchemy/engine/result.py)
______ ERROR collecting tests/features/screening/test_prompt_building.py _______
ImportError while importing test module '/home/mikhail/projects/job_apply/.worktrees/ci-ty-green/tests/features/screening/test_prompt_building.py'.
Hint: make sure your test modules/packages have valid Python names.
Traceback:
../../../../.local/share/uv/python/cpython-3.13.2-linux-x86_64-gnu/lib/python3.13/importlib/__init__.py:88: in import_module
    return _bootstrap._gcd_import(name[level:], package, level)
           ^^^^^^^^^^^^^^^^^^^^^^^^^^^^^^^^^^^^^^^^^^^^^^^^^^^^
tests/features/screening/test_prompt_building.py:21: in <module>
    from apply_pilot.features.screening.prompts import (
src/apply_pilot/features/screening/__init__.py:38: in <module>
    from apply_pilot.features.screening.extractor import (
src/apply_pilot/features/screening/extractor.py:53: in <module>
    from apply_pilot.features.screening.repository import ScreeningQuestionRepository
src/apply_pilot/features/screening/repository.py:45: in <module>
    from sqlalchemy.engine.result import CursorResult
E   ImportError: cannot import name 'CursorResult' from 'sqlalchemy.engine.result' (/home/mikhail/projects/job_apply/.worktrees/ci-ty-green/.venv/lib/python3.13/site-packages/sqlalchemy/engine/result.py)
________ ERROR collecting tests/features/screening/test_repositories.py ________
ImportError while importing test module '/home/mikhail/projects/job_apply/.worktrees/ci-ty-green/tests/features/screening/test_repositories.py'.
Hint: make sure your test modules/packages have valid Python names.
Traceback:
../../../../.local/share/uv/python/cpython-3.13.2-linux-x86_64-gnu/lib/python3.13/importlib/__init__.py:88: in import_module
    return _bootstrap._gcd_import(name[level:], package, level)
           ^^^^^^^^^^^^^^^^^^^^^^^^^^^^^^^^^^^^^^^^^^^^^^^^^^^^
tests/features/screening/test_repositories.py:29: in <module>
    from apply_pilot.features.screening import models as _screening_models  # noqa: F401
    ^^^^^^^^^^^^^^^^^^^^^^^^^^^^^^^^^^^^^^^^^^^^^^^^^^^^^^^^^^^^^^^^^^^^^^
src/apply_pilot/features/screening/__init__.py:38: in <module>
    from apply_pilot.features.screening.extractor import (
src/apply_pilot/features/screening/extractor.py:53: in <module>
    from apply_pilot.features.screening.repository import ScreeningQuestionRepository
src/apply_pilot/features/screening/repository.py:45: in <module>
    from sqlalchemy.engine.result import CursorResult
E   ImportError: cannot import name 'CursorResult' from 'sqlalchemy.engine.result' (/home/mikhail/projects/job_apply/.worktrees/ci-ty-green/.venv/lib/python3.13/site-packages/sqlalchemy/engine/result.py)
_____ ERROR collecting tests/features/screening/test_screening_service.py ______
ImportError while importing test module '/home/mikhail/projects/job_apply/.worktrees/ci-ty-green/tests/features/screening/test_screening_service.py'.
Hint: make sure your test modules/packages have valid Python names.
Traceback:
../../../../.local/share/uv/python/cpython-3.13.2-linux-x86_64-gnu/lib/python3.13/importlib/__init__.py:88: in import_module
    return _bootstrap._gcd_import(name[level:], package, level)
           ^^^^^^^^^^^^^^^^^^^^^^^^^^^^^^^^^^^^^^^^^^^^^^^^^^^^
tests/features/screening/test_screening_service.py:37: in <module>
    from apply_pilot.features.screening.repository import (
src/apply_pilot/features/screening/__init__.py:38: in <module>
    from apply_pilot.features.screening.extractor import (
src/apply_pilot/features/screening/extractor.py:53: in <module>
    from apply_pilot.features.screening.repository import ScreeningQuestionRepository
src/apply_pilot/features/screening/repository.py:45: in <module>
    from sqlalchemy.engine.result import CursorResult
E   ImportError: cannot import name 'CursorResult' from 'sqlalchemy.engine.result' (/home/mikhail/projects/job_apply/.worktrees/ci-ty-green/.venv/lib/python3.13/site-packages/sqlalchemy/engine/result.py)
_____ ERROR collecting tests/features/screening/test_vacancy_extraction.py _____
ImportError while importing test module '/home/mikhail/projects/job_apply/.worktrees/ci-ty-green/tests/features/screening/test_vacancy_extraction.py'.
Hint: make sure your test modules/packages have valid Python names.
Traceback:
../../../../.local/share/uv/python/cpython-3.13.2-linux-x86_64-gnu/lib/python3.13/importlib/__init__.py:88: in import_module
    return _bootstrap._gcd_import(name[level:], package, level)
           ^^^^^^^^^^^^^^^^^^^^^^^^^^^^^^^^^^^^^^^^^^^^^^^^^^^^
tests/features/screening/test_vacancy_extraction.py:38: in <module>
    from apply_pilot.features.screening.extractor import (
src/apply_pilot/features/screening/__init__.py:38: in <module>
    from apply_pilot.features.screening.extractor import (
src/apply_pilot/features/screening/extractor.py:53: in <module>
    from apply_pilot.features.screening.repository import ScreeningQuestionRepository
src/apply_pilot/features/screening/repository.py:45: in <module>
    from sqlalchemy.engine.result import CursorResult
E   ImportError: cannot import name 'CursorResult' from 'sqlalchemy.engine.result' (/home/mikhail/projects/job_apply/.worktrees/ci-ty-green/.venv/lib/python3.13/site-packages/sqlalchemy/engine/result.py)
___________ ERROR collecting tests/features/sources/test_adapter.py ____________
ImportError while importing test module '/home/mikhail/projects/job_apply/.worktrees/ci-ty-green/tests/features/sources/test_adapter.py'.
Hint: make sure your test modules/packages have valid Python names.
Traceback:
../../../../.local/share/uv/python/cpython-3.13.2-linux-x86_64-gnu/lib/python3.13/importlib/__init__.py:88: in import_module
    return _bootstrap._gcd_import(name[level:], package, level)
           ^^^^^^^^^^^^^^^^^^^^^^^^^^^^^^^^^^^^^^^^^^^^^^^^^^^^
tests/features/sources/test_adapter.py:42: in <module>
    from apply_pilot.features.hh.adapter import HhSourceAdapter
src/apply_pilot/features/hh/__init__.py:13: in <module>
    from apply_pilot.features.hh.adapter import HhSourceAdapter as HhSourceAdapter
src/apply_pilot/features/hh/adapter.py:37: in <module>
    from apply_pilot.features.screening.extractor import (
src/apply_pilot/features/screening/__init__.py:38: in <module>
    from apply_pilot.features.screening.extractor import (
src/apply_pilot/features/screening/extractor.py:53: in <module>
    from apply_pilot.features.screening.repository import ScreeningQuestionRepository
src/apply_pilot/features/screening/repository.py:45: in <module>
    from sqlalchemy.engine.result import CursorResult
E   ImportError: cannot import name 'CursorResult' from 'sqlalchemy.engine.result' (/home/mikhail/projects/job_apply/.worktrees/ci-ty-green/.venv/lib/python3.13/site-packages/sqlalchemy/engine/result.py)
________ ERROR collecting tests/features/sources/test_search_service.py ________
ImportError while importing test module '/home/mikhail/projects/job_apply/.worktrees/ci-ty-green/tests/features/sources/test_search_service.py'.
Hint: make sure your test modules/packages have valid Python names.
Traceback:
../../../../.local/share/uv/python/cpython-3.13.2-linux-x86_64-gnu/lib/python3.13/importlib/__init__.py:88: in import_module
    return _bootstrap._gcd_import(name[level:], package, level)
           ^^^^^^^^^^^^^^^^^^^^^^^^^^^^^^^^^^^^^^^^^^^^^^^^^^^^
tests/features/sources/test_search_service.py:16: in <module>
    from apply_pilot.features.hh.search import (
src/apply_pilot/features/hh/__init__.py:13: in <module>
    from apply_pilot.features.hh.adapter import HhSourceAdapter as HhSourceAdapter
src/apply_pilot/features/hh/adapter.py:37: in <module>
    from apply_pilot.features.screening.extractor import (
src/apply_pilot/features/screening/__init__.py:38: in <module>
    from apply_pilot.features.screening.extractor import (
src/apply_pilot/features/screening/extractor.py:53: in <module>
    from apply_pilot.features.screening.repository import ScreeningQuestionRepository
src/apply_pilot/features/screening/repository.py:45: in <module>
    from sqlalchemy.engine.result import CursorResult
E   ImportError: cannot import name 'CursorResult' from 'sqlalchemy.engine.result' (/home/mikhail/projects/job_apply/.worktrees/ci-ty-green/.venv/lib/python3.13/site-packages/sqlalchemy/engine/result.py)
=============================== warnings summary ===============================
.venv/lib/python3.13/site-packages/fastapi/testclient.py:1
  /home/mikhail/projects/job_apply/.worktrees/ci-ty-green/.venv/lib/python3.13/site-packages/fastapi/testclient.py:1: StarletteDeprecationWarning: Using `httpx` with `starlette.testclient` is deprecated; install `httpx2` instead.
    from starlette.testclient import TestClient as TestClient  # noqa

tests/features/hh_apply/test_optional_live.py:15
  /home/mikhail/projects/job_apply/.worktrees/ci-ty-green/tests/features/hh_apply/test_optional_live.py:15: PytestUnknownMarkWarning: Unknown pytest.mark.optional_local_only - is this a typo?  You can register custom marks to avoid this warning - for details, see https://docs.pytest.org/en/stable/how-to/mark.html
    pytestmark = pytest.mark.optional_local_only

-- Docs: https://docs.pytest.org/en/stable/how-to/capture-warnings.html
=========================== short test summary info ============================
ERROR tests/features/admin - ImportError: cannot import name 'CursorResult' f...
ERROR tests/features/careers/test_careers_slice.py
ERROR tests/features/hh/test_search.py
ERROR tests/features/screening/test_api.py
ERROR tests/features/screening/test_prompt_building.py
ERROR tests/features/screening/test_repositories.py
ERROR tests/features/screening/test_screening_service.py
ERROR tests/features/screening/test_vacancy_extraction.py
ERROR tests/features/sources/test_adapter.py
ERROR tests/features/sources/test_search_service.py
!!!!!!!!!!!!!!!!!!! Interrupted: 10 errors during collection !!!!!!!!!!!!!!!!!!!
=================== 1406 tests collected, 10 errors in 3.03s ===================
